Archive member included to satisfy reference by file (symbol)

d:/embeded/stm 32/stm32_cubeide/stm32cubeide_1.7.0/stm32cubeide/plugins/com.st.stm32cube.ide.mcu.externaltools.gnu-tools-for-stm32.9-2020-q2-update.win32_2.0.0.202105311346/tools/bin/../lib/gcc/arm-none-eabi/9.3.1/../../../../arm-none-eabi/lib/thumb/v7e-m+fp/hard\libc_nano.a(lib_a-errno.o)
                              ./Core/Src/syscalls.o (__errno)
d:/embeded/stm 32/stm32_cubeide/stm32cubeide_1.7.0/stm32cubeide/plugins/com.st.stm32cube.ide.mcu.externaltools.gnu-tools-for-stm32.9-2020-q2-update.win32_2.0.0.202105311346/tools/bin/../lib/gcc/arm-none-eabi/9.3.1/../../../../arm-none-eabi/lib/thumb/v7e-m+fp/hard\libc_nano.a(lib_a-exit.o)
                              d:/embeded/stm 32/stm32_cubeide/stm32cubeide_1.7.0/stm32cubeide/plugins/com.st.stm32cube.ide.mcu.externaltools.gnu-tools-for-stm32.9-2020-q2-update.win32_2.0.0.202105311346/tools/bin/../lib/gcc/arm-none-eabi/9.3.1/../../../../arm-none-eabi/lib/thumb/v7e-m+fp/hard/crt0.o (exit)
d:/embeded/stm 32/stm32_cubeide/stm32cubeide_1.7.0/stm32cubeide/plugins/com.st.stm32cube.ide.mcu.externaltools.gnu-tools-for-stm32.9-2020-q2-update.win32_2.0.0.202105311346/tools/bin/../lib/gcc/arm-none-eabi/9.3.1/../../../../arm-none-eabi/lib/thumb/v7e-m+fp/hard\libc_nano.a(lib_a-impure.o)
                              d:/embeded/stm 32/stm32_cubeide/stm32cubeide_1.7.0/stm32cubeide/plugins/com.st.stm32cube.ide.mcu.externaltools.gnu-tools-for-stm32.9-2020-q2-update.win32_2.0.0.202105311346/tools/bin/../lib/gcc/arm-none-eabi/9.3.1/../../../../arm-none-eabi/lib/thumb/v7e-m+fp/hard\libc_nano.a(lib_a-exit.o) (_global_impure_ptr)
d:/embeded/stm 32/stm32_cubeide/stm32cubeide_1.7.0/stm32cubeide/plugins/com.st.stm32cube.ide.mcu.externaltools.gnu-tools-for-stm32.9-2020-q2-update.win32_2.0.0.202105311346/tools/bin/../lib/gcc/arm-none-eabi/9.3.1/../../../../arm-none-eabi/lib/thumb/v7e-m+fp/hard\libc_nano.a(lib_a-init.o)
                              d:/embeded/stm 32/stm32_cubeide/stm32cubeide_1.7.0/stm32cubeide/plugins/com.st.stm32cube.ide.mcu.externaltools.gnu-tools-for-stm32.9-2020-q2-update.win32_2.0.0.202105311346/tools/bin/../lib/gcc/arm-none-eabi/9.3.1/../../../../arm-none-eabi/lib/thumb/v7e-m+fp/hard/crt0.o (__libc_init_array)
d:/embeded/stm 32/stm32_cubeide/stm32cubeide_1.7.0/stm32cubeide/plugins/com.st.stm32cube.ide.mcu.externaltools.gnu-tools-for-stm32.9-2020-q2-update.win32_2.0.0.202105311346/tools/bin/../lib/gcc/arm-none-eabi/9.3.1/../../../../arm-none-eabi/lib/thumb/v7e-m+fp/hard\libc_nano.a(lib_a-memset.o)
                              d:/embeded/stm 32/stm32_cubeide/stm32cubeide_1.7.0/stm32cubeide/plugins/com.st.stm32cube.ide.mcu.externaltools.gnu-tools-for-stm32.9-2020-q2-update.win32_2.0.0.202105311346/tools/bin/../lib/gcc/arm-none-eabi/9.3.1/../../../../arm-none-eabi/lib/thumb/v7e-m+fp/hard/crt0.o (memset)
d:/embeded/stm 32/stm32_cubeide/stm32cubeide_1.7.0/stm32cubeide/plugins/com.st.stm32cube.ide.mcu.externaltools.gnu-tools-for-stm32.9-2020-q2-update.win32_2.0.0.202105311346/tools/bin/../lib/gcc/arm-none-eabi/9.3.1/../../../../arm-none-eabi/lib/thumb/v7e-m+fp/hard\libc_nano.a(lib_a-sprintf.o)
                              ./Core/Src/main.o (sprintf)
d:/embeded/stm 32/stm32_cubeide/stm32cubeide_1.7.0/stm32cubeide/plugins/com.st.stm32cube.ide.mcu.externaltools.gnu-tools-for-stm32.9-2020-q2-update.win32_2.0.0.202105311346/tools/bin/../lib/gcc/arm-none-eabi/9.3.1/../../../../arm-none-eabi/lib/thumb/v7e-m+fp/hard\libc_nano.a(lib_a-nano-svfprintf.o)
                              d:/embeded/stm 32/stm32_cubeide/stm32cubeide_1.7.0/stm32cubeide/plugins/com.st.stm32cube.ide.mcu.externaltools.gnu-tools-for-stm32.9-2020-q2-update.win32_2.0.0.202105311346/tools/bin/../lib/gcc/arm-none-eabi/9.3.1/../../../../arm-none-eabi/lib/thumb/v7e-m+fp/hard\libc_nano.a(lib_a-sprintf.o) (_svfprintf_r)
d:/embeded/stm 32/stm32_cubeide/stm32cubeide_1.7.0/stm32cubeide/plugins/com.st.stm32cube.ide.mcu.externaltools.gnu-tools-for-stm32.9-2020-q2-update.win32_2.0.0.202105311346/tools/bin/../lib/gcc/arm-none-eabi/9.3.1/../../../../arm-none-eabi/lib/thumb/v7e-m+fp/hard\libc_nano.a(lib_a-nano-vfprintf_i.o)
                              d:/embeded/stm 32/stm32_cubeide/stm32cubeide_1.7.0/stm32cubeide/plugins/com.st.stm32cube.ide.mcu.externaltools.gnu-tools-for-stm32.9-2020-q2-update.win32_2.0.0.202105311346/tools/bin/../lib/gcc/arm-none-eabi/9.3.1/../../../../arm-none-eabi/lib/thumb/v7e-m+fp/hard\libc_nano.a(lib_a-nano-svfprintf.o) (_printf_i)
d:/embeded/stm 32/stm32_cubeide/stm32cubeide_1.7.0/stm32cubeide/plugins/com.st.stm32cube.ide.mcu.externaltools.gnu-tools-for-stm32.9-2020-q2-update.win32_2.0.0.202105311346/tools/bin/../lib/gcc/arm-none-eabi/9.3.1/../../../../arm-none-eabi/lib/thumb/v7e-m+fp/hard\libc_nano.a(lib_a-memchr.o)
[...]
Memory Configuration

Name             Origin             Length             Attributes
RAM              0x0000000020000000 0x0000000000018000 xrw
FLASH            0x0000000008000000 0x0000000000080000 xr
*default*        0x0000000000000000 0xffffffffffffffff

Linker script and memory map

LOAD d:/embeded/stm 32/stm32_cubeide/stm32cubeide_1.7.0/stm32cubeide/plugins/com.st.stm32cube.ide.mcu.externaltools.gnu-tools-for-stm32.9-2020-q2-update.win32_2.0.0.202105311346/tools/bin/../lib/gcc/arm-none-eabi/9.3.1/thumb/v7e-m+fp/hard/crti.o
LOAD d:/embeded/stm 32/stm32_cubeide/stm32cubeide_1.7.0/stm32cubeide/plugins/com.st.stm32cube.ide.mcu.externaltools.gnu-tools-for-stm32.9-2020-q2-update.win32_2.0.0.202105311346/tools/bin/../lib/gcc/arm-none-eabi/9.3.1/thumb/v7e-m+fp/hard/crtbegin.o
LOAD d:/embeded/stm 32/stm32_cubeide/stm32cubeide_1.7.0/stm32cubeide/plugins/com.st.stm32cube.ide.mcu.externaltools.gnu-tools-for-stm32.9-2020-q2-update.win32_2.0.0.202105311346/tools/bin/../lib/gcc/arm-none-eabi/9.3.1/../../../../arm-none-eabi/lib/thumb/v7e-m+fp/hard/crt0.o
LOAD ./Core/Src/KEYPAD.o
LOAD ./Core/Src/main.o
LOAD ./Core/Src/rc522.o
LOAD ./Core/Src/stm32f4xx_hal_msp.o
LOAD ./Core/Src/stm32f4xx_it.o
LOAD ./Core/Src/syscalls.o
LOAD ./Core/Src/sysmem.o
LOAD ./Core/Src/system_stm32f4xx.o
LOAD ./Core/Startup/startup_stm32f401retx.o
LOAD ./Drivers/STM32F4xx_HAL_Driver/Src/stm32f4xx_hal.o
LOAD ./Drivers/STM32F4xx_HAL_Driver/Src/stm32f4xx_hal_cortex.o
LOAD ./Drivers/STM32F4xx_HAL_Driver/Src/stm32f4xx_hal_dma.o
LOAD ./Drivers/STM32F4xx_HAL_Driver/Src/stm32f4xx_hal_dma_ex.o
LOAD ./Drivers/STM32F4xx_HAL_Driver/Src/stm32f4xx_hal_exti.o
LOAD ./Drivers/STM32F4xx_HAL_Driver/Src/stm32f4xx_hal_flash.o
LOAD ./Drivers/STM32F4xx_HAL_Driver/Src/stm32f4xx_hal_flash_ex.o
LOAD ./Drivers/STM32F4xx_HAL_Driver/Src/stm32f4xx_hal_flash_ramfunc.o
LOAD ./Drivers/STM32F4xx_HAL_Driver/Src/stm32f4xx_hal_gpio.o
LOAD ./Drivers/STM32F4xx_HAL_Driver/Src/stm32f4xx_hal_pwr.o
LOAD ./Drivers/STM32F4xx_HAL_Driver/Src/stm32f4xx_hal_pwr_ex.o
LOAD ./Drivers/STM32F4xx_HAL_Driver/Src/stm32f4xx_hal_rcc.o
LOAD ./Drivers/STM32F4xx_HAL_Driver/Src/stm32f4xx_hal_rcc_ex.o
LOAD ./Drivers/STM32F4xx_HAL_Driver/Src/stm32f4xx_hal_spi.o
LOAD ./Drivers/STM32F4xx_HAL_Driver/Src/stm32f4xx_hal_tim.o
LOAD ./Drivers/STM32F4xx_HAL_Driver/Src/stm32f4xx_hal_tim_ex.o
LOAD ./Drivers/STM32F4xx_HAL_Driver/Src/stm32f4xx_hal_uart.o
START GROUP
LOAD d:/embeded/stm 32/stm32_cubeide/stm32cubeide_1.7.0/stm32cubeide/plugins/com.st.stm32cube.ide.mcu.externaltools.gnu-tools-for-stm32.9-2020-q2-update.win32_2.0.0.202105311346/tools/bin/../lib/gcc/arm-none-eabi/9.3.1/../../../../arm-none-eabi/lib/thumb/v7e-m+fp/hard\libc_nano.a
LOAD d:/embeded/stm 32/stm32_cubeide/stm32cubeide_1.7.0/stm32cubeide/plugins/com.st.stm32cube.ide.mcu.externaltools.gnu-tools-for-stm32.9-2020-q2-update.win32_2.0.0.202105311346/tools/bin/../lib/gcc/arm-none-eabi/9.3.1/../../../../arm-none-eabi/lib/thumb/v7e-m+fp/hard\libm.a
END GROUP
START GROUP
LOAD d:/embeded/stm 32/stm32_cubeide/stm32cubeide_1.7.0/stm32cubeide/plugins/com.st.stm32cube.ide.mcu.externaltools.gnu-tools-for-stm32.9-2020-q2-update.win32_2.0.0.202105311346/tools/bin/../lib/gcc/arm-none-eabi/9.3.1/thumb/v7e-m+fp/hard\libgcc.a
LOAD d:/embeded/stm 32/stm32_cubeide/stm32cubeide_1.7.0/stm32cubeide/plugins/com.st.stm32cube.ide.mcu.externaltools.gnu-tools-for-stm32.9-2020-q2-update.win32_2.0.0.202105311346/tools/bin/../lib/gcc/arm-none-eabi/9.3.1/../../../../arm-none-eabi/lib/thumb/v7e-m+fp/hard\libc_nano.a
END GROUP
START GROUP
LOAD d:/embeded/stm 32/stm32_cubeide/stm32cubeide_1.7.0/stm32cubeide/plugins/com.st.stm32cube.ide.mcu.externaltools.gnu-tools-for-stm32.9-2020-q2-update.win32_2.0.0.202105311346/tools/bin/../lib/gcc/arm-none-eabi/9.3.1/thumb/v7e-m+fp/hard\libgcc.a
LOAD d:/embeded/stm 32/stm32_cubeide/stm32cubeide_1.7.0/stm32cubeide/plugins/com.st.stm32cube.ide.mcu.externaltools.gnu-tools-for-stm32.9-2020-q2-update.win32_2.0.0.202105311346/tools/bin/../lib/gcc/arm-none-eabi/9.3.1/../../../../arm-none-eabi/lib/thumb/v7e-m+fp/hard\libc_nano.a
LOAD d:/embeded/stm 32/stm32_cubeide/stm32cubeide_1.7.0/stm32cubeide/plugins/com.st.stm32cube.ide.mcu.externaltools.gnu-tools-for-stm32.9-2020-q2-update.win32_2.0.0.202105311346/tools/bin/../lib/gcc/arm-none-eabi/9.3.1/../../../../arm-none-eabi/lib/thumb/v7e-m+fp/hard\libnosys.a
END GROUP
START GROUP
LOAD d:/embeded/stm 32/stm32_cubeide/stm32cubeide_1.7.0/stm32cubeide/plugins/com.st.stm32cube.ide.mcu.externaltools.gnu-tools-for-stm32.9-2020-q2-update.win32_2.0.0.202105311346/tools/bin/../lib/gcc/arm-none-eabi/9.3.1/thumb/v7e-m+fp/hard\libgcc.a
LOAD d:/embeded/stm 32/stm32_cubeide/stm32cubeide_1.7.0/stm32cubeide/plugins/com.st.stm32cube.ide.mcu.externaltools.gnu-tools-for-stm32.9-2020-q2-update.win32_2.0.0.202105311346/tools/bin/../lib/gcc/arm-none-eabi/9.3.1/../../../../arm-none-eabi/lib/thumb/v7e-m+fp/hard\libc_nano.a
LOAD d:/embeded/stm 32/stm32_cubeide/stm32cubeide_1.7.0/stm32cubeide/plugins/com.st.stm32cube.ide.mcu.externaltools.gnu-tools-for-stm32.9-2020-q2-update.win32_2.0.0.202105311346/tools/bin/../lib/gcc/arm-none-eabi/9.3.1/../../../../arm-none-eabi/lib/thumb/v7e-m+fp/hard\libnosys.a
END GROUP
LOAD d:/embeded/stm 32/stm32_cubeide/stm32cubeide_1.7.0/stm32cubeide/plugins/com.st.stm32cube.ide.mcu.externaltools.gnu-tools-for-stm32.9-2020-q2-update.win32_2.0.0.202105311346/tools/bin/../lib/gcc/arm-none-eabi/9.3.1/thumb/v7e-m+fp/hard/crtend.o
LOAD d:/embeded/stm 32/stm32_cubeide/stm32cubeide_1.7.0/stm32cubeide/plugins/com.st.stm32cube.ide.mcu.externaltools.gnu-tools-for-stm32.9-2020-q2-update.win32_2.0.0.202105311346/tools/bin/../lib/gcc/arm-none-eabi/9.3.1/thumb/v7e-m+fp/hard/crtn.o
                0x0000000020018000                _estack = (ORIGIN (RAM) + LENGTH (RAM))
                0x0000000000000200                _Min_Heap_Size = 0x200
                0x0000000000000400                _Min_Stack_Size = 0x400

.isr_vector     0x0000000008000000      0x194
                0x0000000008000000                . = ALIGN (0x4)
 *(.isr_vector)
 .isr_vector    0x0000000008000000      0x194 ./Core/Startup/startup_stm32f401retx.o
                0x0000000008000000                g_pfnVectors
                0x0000000008000194                . = ALIGN (0x4)

.text           0x00000000080001a0     0x3590
                0x00000000080001a0                . = ALIGN (0x4)
 *(.text)
 .text          0x00000000080001a0       0x40 d:/embeded/stm 32/stm32_cubeide/stm32cubeide_1.7.0/stm32cubeide/plugins/com.st.stm32cube.ide.mcu.externaltools.gnu-tools-for-stm32.9-2020-q2-update.win32_2.0.0.202105311346/tools/bin/../lib/gcc/arm-none-eabi/9.3.1/thumb/v7e-m+fp/hard/crtbegin.o
 .text          0x00000000080001e0       0xa0 d:/embeded/stm 32/stm32_cubeide/stm32cubeide_1.7.0/stm32cubeide/plugins/com.st.stm32cube.ide.mcu.externaltools.gnu-tools-for-stm32.9-2020-q2-update.win32_2.0.0.202105311346/tools/bin/../lib/gcc/arm-none-eabi/9.3.1/../../../../arm-none-eabi/lib/thumb/v7e-m+fp/hard\libc_nano.a(lib_a-memchr.o)
                0x00000000080001e0                memchr
 .text          0x0000000008000280       0x30 d:/embeded/stm 32/stm32_cubeide/stm32cubeide_1.7.0/stm32cubeide/plugins/com.st.stm32cube.ide.mcu.externaltools.gnu-tools-for-stm32.9-2020-q2-update.win32_2.0.0.202105311346/tools/bin/../lib/gcc/arm-none-eabi/9.3.1/thumb/v7e-m+fp/hard\libgcc.a(_aeabi_uldivmod.o)
                0x0000000008000280                __aeabi_uldivmod
 .text          0x00000000080002b0      0x2c4 d:/embeded/stm 32/stm32_cubeide/stm32cubeide_1.7.0/stm32cubeide/plugins/com.st.stm32cube.ide.mcu.externaltools.gnu-tools-for-stm32.9-2020-q2-update.win32_2.0.0.202105311346/tools/bin/../lib/gcc/arm-none-eabi/9.3.1/thumb/v7e-m+fp/hard\libgcc.a(_udivmoddi4.o)
                0x00000000080002b0                __udivmoddi4
 .text          0x0000000008000574        0x4 d:/embeded/stm 32/stm32_cubeide/stm32cubeide_1.7.0/stm32cubeide/plugins/com.st.stm32cube.ide.mcu.externaltools.gnu-tools-for-stm32.9-2020-q2-update.win32_2.0.0.202105311346/tools/bin/../lib/gcc/arm-none-eabi/9.3.1/thumb/v7e-m+fp/hard\libgcc.a(_dvmd_tls.o)
                0x0000000008000574                __aeabi_idiv0
                0x0000000008000574                __aeabi_ldiv0
 *(.text*)
 .text.KEYPAD_Delay
                0x0000000008000578       0x1a ./Core/Src/KEYPAD.o
 .text.KEYPAD4X4_Init
                0x0000000008000592      0x102 ./Core/Src/KEYPAD.o
                0x0000000008000592                KEYPAD4X4_Init
 .text.KEYPAD4X4_Readkey
                0x0000000008000694       0xe0 ./Core/Src/KEYPAD.o
                0x0000000008000694                KEYPAD4X4_Readkey
 .text.LCD_Enable
                0x0000000008000774       0x30 ./Core/Src/main.o
                0x0000000008000774                LCD_Enable
 .text.LCD_Send4Bit
                0x00000000080007a4       0x74 ./Core/Src/main.o
                0x00000000080007a4                LCD_Send4Bit
 .text.LCD_SendCommand
                0x0000000008000818       0x2e ./Core/Src/main.o
                0x0000000008000818                LCD_SendCommand
 .text.LCD_Clear
                0x0000000008000846       0x14 ./Core/Src/main.o
                0x0000000008000846                LCD_Clear
 *fill*         0x000000000800085a        0x2 
 .text.LCD_Init
                0x000000000800085c       0x54 ./Core/Src/main.o
                0x000000000800085c                LCD_Init
 .text.LCD_Gotoxy
                0x00000000080008b0       0x50 ./Core/Src/main.o
                0x00000000080008b0                LCD_Gotoxy
 .text.LCD_PutChar
                0x0000000008000900       0x38 ./Core/Src/main.o
                0x0000000008000900                LCD_PutChar
 .text.LCD_Puts
                0x0000000008000938       0x2c ./Core/Src/main.o
                0x0000000008000938                LCD_Puts
 .text.CheckPassWord
                0x0000000008000964       0x54 ./Core/Src/main.o
                0x0000000008000964                CheckPassWord
 .text.ClearPassWord
                0x00000000080009b8       0x40 ./Core/Src/main.o
                0x00000000080009b8                ClearPassWord
 .text.converCardNum
                0x00000000080009f8       0x3e ./Core/Src/main.o
                0x00000000080009f8                converCardNum
 *fill*         0x0000000008000a36        0x2 
 .text.GetSector
                0x0000000008000a38       0xec ./Core/Src/main.o
                0x0000000008000a38                GetSector
 .text.Flash_Write_Data
                0x0000000008000b24       0xc0 ./Core/Src/main.o
                0x0000000008000b24                Flash_Write_Data
 .text.Flash_Read_Data
                0x0000000008000be4       0x3c ./Core/Src/main.o
                0x0000000008000be4                Flash_Read_Data
 .text.main     0x0000000008000c20      0x4ac ./Core/Src/main.o
                0x0000000008000c20                main
 .text.SystemClock_Config
                0x00000000080010cc       0xd8 ./Core/Src/main.o
                0x00000000080010cc                SystemClock_Config
 .text.MX_USART2_UART_Init
                0x00000000080011a4       0x54 ./Core/Src/main.o
 .text.MX_GPIO_Init
                0x00000000080011f8       0xdc ./Core/Src/main.o
 .text.Error_Handler
                0x00000000080012d4        0xa ./Core/Src/main.o
                0x00000000080012d4                Error_Handler
 *fill*         0x00000000080012de        0x2 
 .text.HAL_MspInit
                0x00000000080012e0       0x50 ./Core/Src/stm32f4xx_hal_msp.o
                0x00000000080012e0                HAL_MspInit
 .text.HAL_UART_MspInit
                0x0000000008001330       0x90 ./Core/Src/stm32f4xx_hal_msp.o
                0x0000000008001330                HAL_UART_MspInit
 .text.NMI_Handler
                0x00000000080013c0        0x6 ./Core/Src/stm32f4xx_it.o
                0x00000000080013c0                NMI_Handler
 .text.HardFault_Handler
                0x00000000080013c6        0x6 ./Core/Src/stm32f4xx_it.o
                0x00000000080013c6                HardFault_Handler
 .text.MemManage_Handler
                0x00000000080013cc        0x6 ./Core/Src/stm32f4xx_it.o
                0x00000000080013cc                MemManage_Handler
 .text.BusFault_Handler
                0x00000000080013d2        0x6 ./Core/Src/stm32f4xx_it.o
                0x00000000080013d2                BusFault_Handler
 .text.UsageFault_Handler
                0x00000000080013d8        0x6 ./Core/Src/stm32f4xx_it.o
                0x00000000080013d8                UsageFault_Handler
 .text.SVC_Handler
                0x00000000080013de        0xe ./Core/Src/stm32f4xx_it.o
                0x00000000080013de                SVC_Handler
 .text.DebugMon_Handler
                0x00000000080013ec        0xe ./Core/Src/stm32f4xx_it.o
                0x00000000080013ec                DebugMon_Handler
 .text.PendSV_Handler
                0x00000000080013fa        0xe ./Core/Src/stm32f4xx_it.o
                0x00000000080013fa                PendSV_Handler
 .text.SysTick_Handler
                0x0000000008001408        0xc ./Core/Src/stm32f4xx_it.o
                0x0000000008001408                SysTick_Handler
 .text._sbrk    0x0000000008001414       0x6c ./Core/Src/sysmem.o
                0x0000000008001414                _sbrk
 .text.SystemInit
                0x0000000008001480       0x24 ./Core/Src/system_stm32f4xx.o
                0x0000000008001480                SystemInit
 .text.Reset_Handler
                0x00000000080014a4       0x50 ./Core/Startup/startup_stm32f401retx.o
                0x00000000080014a4                Reset_Handler
 .text.Default_Handler
                0x00000000080014f4        0x2 ./Core/Startup/startup_stm32f401retx.o
                0x00000000080014f4                RTC_Alarm_IRQHandler
                0x00000000080014f4                EXTI2_IRQHandler
                0x00000000080014f4                SPI4_IRQHandler
                0x00000000080014f4                TIM1_CC_IRQHandler
                0x00000000080014f4                DMA2_Stream5_IRQHandler
                0x00000000080014f4                DMA1_Stream5_IRQHandler
                0x00000000080014f4                PVD_IRQHandler
                0x00000000080014f4                SDIO_IRQHandler
                0x00000000080014f4                TAMP_STAMP_IRQHandler
                0x00000000080014f4                EXTI3_IRQHandler
                0x00000000080014f4                TIM1_UP_TIM10_IRQHandler
                0x00000000080014f4                I2C3_ER_IRQHandler
                0x00000000080014f4                EXTI0_IRQHandler
                0x00000000080014f4                I2C2_EV_IRQHandler
                0x00000000080014f4                DMA1_Stream2_IRQHandler
                0x00000000080014f4                FPU_IRQHandler
                0x00000000080014f4                DMA2_Stream2_IRQHandler
                0x00000000080014f4                SPI1_IRQHandler
                0x00000000080014f4                TIM1_BRK_TIM9_IRQHandler
                0x00000000080014f4                DMA2_Stream3_IRQHandler
                0x00000000080014f4                USART6_IRQHandler
                0x00000000080014f4                DMA2_Stream0_IRQHandler
                0x00000000080014f4                TIM4_IRQHandler
                0x00000000080014f4                I2C1_EV_IRQHandler
                0x00000000080014f4                DMA1_Stream6_IRQHandler
                0x00000000080014f4                DMA1_Stream1_IRQHandler
                0x00000000080014f4                TIM3_IRQHandler
                0x00000000080014f4                RCC_IRQHandler
                0x00000000080014f4                Default_Handler
                0x00000000080014f4                EXTI15_10_IRQHandler
                0x00000000080014f4                ADC_IRQHandler
                0x00000000080014f4                DMA1_Stream7_IRQHandler
                0x00000000080014f4                TIM5_IRQHandler
                0x00000000080014f4                DMA2_Stream7_IRQHandler
                0x00000000080014f4                I2C3_EV_IRQHandler
                0x00000000080014f4                EXTI9_5_IRQHandler
                0x00000000080014f4                RTC_WKUP_IRQHandler
                0x00000000080014f4                SPI2_IRQHandler
                0x00000000080014f4                DMA1_Stream0_IRQHandler
                0x00000000080014f4                EXTI4_IRQHandler
                0x00000000080014f4                WWDG_IRQHandler
                0x00000000080014f4                TIM2_IRQHandler
                0x00000000080014f4                OTG_FS_WKUP_IRQHandler
                0x00000000080014f4                TIM1_TRG_COM_TIM11_IRQHandler
                0x00000000080014f4                EXTI1_IRQHandler
                0x00000000080014f4                USART2_IRQHandler
                0x00000000080014f4                I2C2_ER_IRQHandler
                0x00000000080014f4                DMA2_Stream1_IRQHandler
                0x00000000080014f4                FLASH_IRQHandler
                0x00000000080014f4                DMA2_Stream4_IRQHandler
                0x00000000080014f4                USART1_IRQHandler
                0x00000000080014f4                OTG_FS_IRQHandler
                0x00000000080014f4                SPI3_IRQHandler
                0x00000000080014f4                DMA1_Stream4_IRQHandler
                0x00000000080014f4                I2C1_ER_IRQHandler
                0x00000000080014f4                DMA2_Stream6_IRQHandler
                0x00000000080014f4                DMA1_Stream3_IRQHandler
 *fill*         0x00000000080014f6        0x2 
 .text.HAL_Init
                0x00000000080014f8       0x44 ./Drivers/STM32F4xx_HAL_Driver/Src/stm32f4xx_hal.o
                0x00000000080014f8                HAL_Init
 .text.HAL_InitTick
                0x000000000800153c       0x60 ./Drivers/STM32F4xx_HAL_Driver/Src/stm32f4xx_hal.o
                0x000000000800153c                HAL_InitTick
 .text.HAL_IncTick
                0x000000000800159c       0x28 ./Drivers/STM32F4xx_HAL_Driver/Src/stm32f4xx_hal.o
                0x000000000800159c                HAL_IncTick
 .text.HAL_GetTick
                0x00000000080015c4       0x18 ./Drivers/STM32F4xx_HAL_Driver/Src/stm32f4xx_hal.o
                0x00000000080015c4                HAL_GetTick
 .text.HAL_Delay
                0x00000000080015dc       0x48 ./Drivers/STM32F4xx_HAL_Driver/Src/stm32f4xx_hal.o
                0x00000000080015dc                HAL_Delay
 .text.__NVIC_SetPriorityGrouping
                0x0000000008001624       0x48 ./Drivers/STM32F4xx_HAL_Driver/Src/stm32f4xx_hal_cortex.o
 .text.__NVIC_GetPriorityGrouping
                0x000000000800166c       0x1c ./Drivers/STM32F4xx_HAL_Driver/Src/stm32f4xx_hal_cortex.o
 .text.__NVIC_SetPriority
                0x0000000008001688       0x54 ./Drivers/STM32F4xx_HAL_Driver/Src/stm32f4xx_hal_cortex.o
 .text.NVIC_EncodePriority
                0x00000000080016dc       0x66 ./Drivers/STM32F4xx_HAL_Driver/Src/stm32f4xx_hal_cortex.o
 *fill*         0x0000000008001742        0x2 
 .text.SysTick_Config
                0x0000000008001744       0x44 ./Drivers/STM32F4xx_HAL_Driver/Src/stm32f4xx_hal_cortex.o
 .text.HAL_NVIC_SetPriorityGrouping
                0x0000000008001788       0x16 ./Drivers/STM32F4xx_HAL_Driver/Src/stm32f4xx_hal_cortex.o
                0x0000000008001788                HAL_NVIC_SetPriorityGrouping
 .text.HAL_NVIC_SetPriority
                0x000000000800179e       0x38 ./Drivers/STM32F4xx_HAL_Driver/Src/stm32f4xx_hal_cortex.o
                0x000000000800179e                HAL_NVIC_SetPriority
 .text.HAL_SYSTICK_Config
                0x00000000080017d6       0x18 ./Drivers/STM32F4xx_HAL_Driver/Src/stm32f4xx_hal_cortex.o
                0x00000000080017d6                HAL_SYSTICK_Config
 *fill*         0x00000000080017ee        0x2 
 .text.HAL_FLASH_Program
                0x00000000080017f0       0xa8 ./Drivers/STM32F4xx_HAL_Driver/Src/stm32f4xx_hal_flash.o
                0x00000000080017f0                HAL_FLASH_Program
 .text.HAL_FLASH_Unlock
                0x0000000008001898       0x44 ./Drivers/STM32F4xx_HAL_Driver/Src/stm32f4xx_hal_flash.o
                0x0000000008001898                HAL_FLASH_Unlock
 .text.HAL_FLASH_Lock
                0x00000000080018dc       0x20 ./Drivers/STM32F4xx_HAL_Driver/Src/stm32f4xx_hal_flash.o
                0x00000000080018dc                HAL_FLASH_Lock
 .text.HAL_FLASH_GetError
                0x00000000080018fc       0x18 ./Drivers/STM32F4xx_HAL_Driver/Src/stm32f4xx_hal_flash.o
                0x00000000080018fc                HAL_FLASH_GetError
 .text.FLASH_WaitForLastOperation
                0x0000000008001914       0x80 ./Drivers/STM32F4xx_HAL_Driver/Src/stm32f4xx_hal_flash.o
                0x0000000008001914                FLASH_WaitForLastOperation
 .text.FLASH_Program_DoubleWord
                0x0000000008001994       0x64 ./Drivers/STM32F4xx_HAL_Driver/Src/stm32f4xx_hal_flash.o
 .text.FLASH_Program_Word
                0x00000000080019f8       0x44 ./Drivers/STM32F4xx_HAL_Driver/Src/stm32f4xx_hal_flash.o
 .text.FLASH_Program_HalfWord
                0x0000000008001a3c       0x48 ./Drivers/STM32F4xx_HAL_Driver/Src/stm32f4xx_hal_flash.o
 .text.FLASH_Program_Byte
                0x0000000008001a84       0x44 ./Drivers/STM32F4xx_HAL_Driver/Src/stm32f4xx_hal_flash.o
 .text.FLASH_SetErrorCode
                0x0000000008001ac8       0xcc ./Drivers/STM32F4xx_HAL_Driver/Src/stm32f4xx_hal_flash.o
 .text.HAL_FLASHEx_Erase
                0x0000000008001b94       0xe0 ./Drivers/STM32F4xx_HAL_Driver/Src/stm32f4xx_hal_flash_ex.o
                0x0000000008001b94                HAL_FLASHEx_Erase
 .text.FLASH_MassErase
                0x0000000008001c74       0x48 ./Drivers/STM32F4xx_HAL_Driver/Src/stm32f4xx_hal_flash_ex.o
 .text.FLASH_Erase_Sector
                0x0000000008001cbc       0x90 ./Drivers/STM32F4xx_HAL_Driver/Src/stm32f4xx_hal_flash_ex.o
                0x0000000008001cbc                FLASH_Erase_Sector
 .text.FLASH_FlushCaches
                0x0000000008001d4c       0x8c ./Drivers/STM32F4xx_HAL_Driver/Src/stm32f4xx_hal_flash_ex.o
                0x0000000008001d4c                FLASH_FlushCaches
 .text.HAL_GPIO_Init
                0x0000000008001dd8      0x308 ./Drivers/STM32F4xx_HAL_Driver/Src/stm32f4xx_hal_gpio.o
                0x0000000008001dd8                HAL_GPIO_Init
 .text.HAL_GPIO_ReadPin
                0x00000000080020e0       0x30 ./Drivers/STM32F4xx_HAL_Driver/Src/stm32f4xx_hal_gpio.o
                0x00000000080020e0                HAL_GPIO_ReadPin
 .text.HAL_GPIO_WritePin
                0x0000000008002110       0x32 ./Drivers/STM32F4xx_HAL_Driver/Src/stm32f4xx_hal_gpio.o
                0x0000000008002110                HAL_GPIO_WritePin
 *fill*         0x0000000008002142        0x2 
 .text.HAL_RCC_OscConfig
                0x0000000008002144      0x4f0 ./Drivers/STM32F4xx_HAL_Driver/Src/stm32f4xx_hal_rcc.o
                0x0000000008002144                HAL_RCC_OscConfig
 .text.HAL_RCC_ClockConfig
                0x0000000008002634      0x1cc ./Drivers/STM32F4xx_HAL_Driver/Src/stm32f4xx_hal_rcc.o
                0x0000000008002634                HAL_RCC_ClockConfig
 .text.HAL_RCC_GetSysClockFreq
                0x0000000008002800      0x1c4 ./Drivers/STM32F4xx_HAL_Driver/Src/stm32f4xx_hal_rcc.o
                0x0000000008002800                HAL_RCC_GetSysClockFreq
 .text.HAL_RCC_GetHCLKFreq
                0x00000000080029c4       0x18 ./Drivers/STM32F4xx_HAL_Driver/Src/stm32f4xx_hal_rcc.o
                0x00000000080029c4                HAL_RCC_GetHCLKFreq
 .text.HAL_RCC_GetPCLK1Freq
                0x00000000080029dc       0x28 ./Drivers/STM32F4xx_HAL_Driver/Src/stm32f4xx_hal_rcc.o
                0x00000000080029dc                HAL_RCC_GetPCLK1Freq
 .text.HAL_RCC_GetPCLK2Freq
                0x0000000008002a04       0x28 ./Drivers/STM32F4xx_HAL_Driver/Src/stm32f4xx_hal_rcc.o
                0x0000000008002a04                HAL_RCC_GetPCLK2Freq
 .text.HAL_UART_Init
                0x0000000008002a2c       0x9a ./Drivers/STM32F4xx_HAL_Driver/Src/stm32f4xx_hal_uart.o
                0x0000000008002a2c                HAL_UART_Init
 *fill*         0x0000000008002ac6        0x2 
 .text.UART_SetConfig
                0x0000000008002ac8      0x390 ./Drivers/STM32F4xx_HAL_Driver/Src/stm32f4xx_hal_uart.o
 .text.__errno  0x0000000008002e58        0xc d:/embeded/stm 32/stm32_cubeide/stm32cubeide_1.7.0/stm32cubeide/plugins/com.st.stm32cube.ide.mcu.externaltools.gnu-tools-for-stm32.9-2020-q2-update.win32_2.0.0.202105311346/tools/bin/../lib/gcc/arm-none-eabi/9.3.1/../../../../arm-none-eabi/lib/thumb/v7e-m+fp/hard\libc_nano.a(lib_a-errno.o)
                0x0000000008002e58                __errno
 .text.__libc_init_array
                0x0000000008002e64       0x48 d:/embeded/stm 32/stm32_cubeide/stm32cubeide_1.7.0/stm32cubeide/plugins/com.st.stm32cube.ide.mcu.externaltools.gnu-tools-for-stm32.9-2020-q2-update.win32_2.0.0.202105311346/tools/bin/../lib/gcc/arm-none-eabi/9.3.1/../../../../arm-none-eabi/lib/thumb/v7e-m+fp/hard\libc_nano.a(lib_a-init.o)
                0x0000000008002e64                __libc_init_array
 .text.memset   0x0000000008002eac       0x10 d:/embeded/stm 32/stm32_cubeide/stm32cubeide_1.7.0/stm32cubeide/plugins/com.st.stm32cube.ide.mcu.externaltools.gnu-tools-for-stm32.9-2020-q2-update.win32_2.0.0.202105311346/tools/bin/../lib/gcc/arm-none-eabi/9.3.1/../../../../arm-none-eabi/lib/thumb/v7e-m+fp/hard\libc_nano.a(lib_a-memset.o)
                0x0000000008002eac                memset
 .text.sprintf  0x0000000008002ebc       0x40 d:/embeded/stm 32/stm32_cubeide/stm32cubeide_1.7.0/stm32cubeide/plugins/com.st.stm32cube.ide.mcu.externaltools.gnu-tools-for-stm32.9-2020-q2-update.win32_2.0.0.202105311346/tools/bin/../lib/gcc/arm-none-eabi/9.3.1/../../../../arm-none-eabi/lib/thumb/v7e-m+fp/hard\libc_nano.a(lib_a-sprintf.o)
                0x0000000008002ebc                siprintf
                0x0000000008002ebc                sprintf
 .text.__ssputs_r
                0x0000000008002efc       0xb6 d:/embeded/stm 32/stm32_cubeide/stm32cubeide_1.7.0/stm32cubeide/plugins/com.st.stm32cube.ide.mcu.externaltools.gnu-tools-for-stm32.9-2020-q2-update.win32_2.0.0.202105311346/tools/bin/../lib/gcc/arm-none-eabi/9.3.1/../../../../arm-none-eabi/lib/thumb/v7e-m+fp/hard\libc_nano.a(lib_a-nano-svfprintf.o)
                0x0000000008002efc                __ssputs_r
 *fill*         0x0000000008002fb2        0x2 
 .text._svfprintf_r
                0x0000000008002fb4      0x200 d:/embeded/stm 32/stm32_cubeide/stm32cubeide_1.7.0/stm32cubeide/plugins/com.st.stm32cube.ide.mcu.externaltools.gnu-tools-for-stm32.9-2020-q2-update.win32_2.0.0.202105311346/tools/bin/../lib/gcc/arm-none-eabi/9.3.1/../../../../arm-none-eabi/lib/thumb/v7e-m+fp/hard\libc_nano.a(lib_a-nano-svfprintf.o)
                0x0000000008002fb4                _svfiprintf_r
                0x0000000008002fb4                _svfprintf_r
 .text._printf_common
                0x00000000080031b4       0xda d:/embeded/stm 32/stm32_cubeide/stm32cubeide_1.7.0/stm32cubeide/plugins/com.st.stm32cube.ide.mcu.externaltools.gnu-tools-for-stm32.9-2020-q2-update.win32_2.0.0.202105311346/tools/bin/../lib/gcc/arm-none-eabi/9.3.1/../../../../arm-none-eabi/lib/thumb/v7e-m+fp/hard\libc_nano.a(lib_a-nano-vfprintf_i.o)
                0x00000000080031b4                _printf_common
 *fill*         0x000000000800328e        0x2 
 .text._printf_i
                0x0000000008003290      0x24c d:/embeded/stm 32/stm32_cubeide/stm32cubeide_1.7.0/stm32cubeide/plugins/com.st.stm32cube.ide.mcu.externaltools.gnu-tools-for-stm32.9-2020-q2-update.win32_2.0.0.202105311346/tools/bin/../lib/gcc/arm-none-eabi/9.3.1/../../../../arm-none-eabi/lib/thumb/v7e-m+fp/hard\libc_nano.a(lib_a-nano-vfprintf_i.o)
                0x0000000008003290                _printf_i
 .text.memcpy   0x00000000080034dc       0x1c d:/embeded/stm 32/stm32_cubeide/stm32cubeide_1.7.0/stm32cubeide/plugins/com.st.stm32cube.ide.mcu.externaltools.gnu-tools-for-stm32.9-2020-q2-update.win32_2.0.0.202105311346/tools/bin/../lib/gcc/arm-none-eabi/9.3.1/../../../../arm-none-eabi/lib/thumb/v7e-m+fp/hard\libc_nano.a(lib_a-memcpy-stub.o)
                0x00000000080034dc                memcpy
 .text.memmove  0x00000000080034f8       0x34 d:/embeded/stm 32/stm32_cubeide/stm32cubeide_1.7.0/stm32cubeide/plugins/com.st.stm32cube.ide.mcu.externaltools.gnu-tools-for-stm32.9-2020-q2-update.win32_2.0.0.202105311346/tools/bin/../lib/gcc/arm-none-eabi/9.3.1/../../../../arm-none-eabi/lib/thumb/v7e-m+fp/hard\libc_nano.a(lib_a-memmove.o)
                0x00000000080034f8                memmove
 .text._free_r  0x000000000800352c       0xa0 d:/embeded/stm 32/stm32_cubeide/stm32cubeide_1.7.0/stm32cubeide/plugins/com.st.stm32cube.ide.mcu.externaltools.gnu-tools-for-stm32.9-2020-q2-update.win32_2.0.0.202105311346/tools/bin/../lib/gcc/arm-none-eabi/9.3.1/../../../../arm-none-eabi/lib/thumb/v7e-m+fp/hard\libc_nano.a(lib_a-nano-freer.o)
                0x000000000800352c                _free_r
 .text._malloc_r
                0x00000000080035cc       0xb4 d:/embeded/stm 32/stm32_cubeide/stm32cubeide_1.7.0/stm32cubeide/plugins/com.st.stm32cube.ide.mcu.externaltools.gnu-tools-for-stm32.9-2020-q2-update.win32_2.0.0.202105311346/tools/bin/../lib/gcc/arm-none-eabi/9.3.1/../../../../arm-none-eabi/lib/thumb/v7e-m+fp/hard\libc_nano.a(lib_a-nano-mallocr.o)
                0x00000000080035cc                _malloc_r
 .text._realloc_r
                0x0000000008003680       0x4c d:/embeded/stm 32/stm32_cubeide/stm32cubeide_1.7.0/stm32cubeide/plugins/com.st.stm32cube.ide.mcu.externaltools.gnu-tools-for-stm32.9-2020-q2-update.win32_2.0.0.202105311346/tools/bin/../lib/gcc/arm-none-eabi/9.3.1/../../../../arm-none-eabi/lib/thumb/v7e-m+fp/hard\libc_nano.a(lib_a-nano-reallocr.o)
                0x0000000008003680                _realloc_r
 .text._sbrk_r  0x00000000080036cc       0x20 d:/embeded/stm 32/stm32_cubeide/stm32cubeide_1.7.0/stm32cubeide/plugins/com.st.stm32cube.ide.mcu.externaltools.gnu-tools-for-stm32.9-2020-q2-update.win32_2.0.0.202105311346/tools/bin/../lib/gcc/arm-none-eabi/9.3.1/../../../../arm-none-eabi/lib/thumb/v7e-m+fp/hard\libc_nano.a(lib_a-sbrkr.o)
                0x00000000080036cc                _sbrk_r
 .text.__malloc_lock
                0x00000000080036ec        0xc d:/embeded/stm 32/stm32_cubeide/stm32cubeide_1.7.0/stm32cubeide/plugins/com.st.stm32cube.ide.mcu.externaltools.gnu-tools-for-stm32.9-2020-q2-update.win32_2.0.0.202105311346/tools/bin/../lib/gcc/arm-none-eabi/9.3.1/../../../../arm-none-eabi/lib/thumb/v7e-m+fp/hard\libc_nano.a(lib_a-mlock.o)
                0x00000000080036ec                __malloc_lock
 .text.__malloc_unlock
                0x00000000080036f8        0xc d:/embeded/stm 32/stm32_cubeide/stm32cubeide_1.7.0/stm32cubeide/plugins/com.st.stm32cube.ide.mcu.externaltools.gnu-tools-for-stm32.9-2020-q2-update.win32_2.0.0.202105311346/tools/bin/../lib/gcc/arm-none-eabi/9.3.1/../../../../arm-none-eabi/lib/thumb/v7e-m+fp/hard\libc_nano.a(lib_a-mlock.o)
                0x00000000080036f8                __malloc_unlock
 .text._malloc_usable_size_r
                0x0000000008003704       0x10 d:/embeded/stm 32/stm32_cubeide/stm32cubeide_1.7.0/stm32cubeide/plugins/com.st.stm32cube.ide.mcu.externaltools.gnu-tools-for-stm32.9-2020-q2-update.win32_2.0.0.202105311346/tools/bin/../lib/gcc/arm-none-eabi/9.3.1/../../../../arm-none-eabi/lib/thumb/v7e-m+fp/hard\libc_nano.a(lib_a-nano-msizer.o)
                0x0000000008003704                _malloc_usable_size_r
 .text.__retarget_lock_acquire_recursive
                0x0000000008003714        0x2 d:/embeded/stm 32/stm32_cubeide/stm32cubeide_1.7.0/stm32cubeide/plugins/com.st.stm32cube.ide.mcu.externaltools.gnu-tools-for-stm32.9-2020-q2-update.win32_2.0.0.202105311346/tools/bin/../lib/gcc/arm-none-eabi/9.3.1/../../../../arm-none-eabi/lib/thumb/v7e-m+fp/hard\libc_nano.a(lib_a-lock.o)
                0x0000000008003714                __retarget_lock_acquire_recursive
 .text.__retarget_lock_release_recursive
                0x0000000008003716        0x2 d:/embeded/stm 32/stm32_cubeide/stm32cubeide_1.7.0/stm32cubeide/plugins/com.st.stm32cube.ide.mcu.externaltools.gnu-tools-for-stm32.9-2020-q2-update.win32_2.0.0.202105311346/tools/bin/../lib/gcc/arm-none-eabi/9.3.1/../../../../arm-none-eabi/lib/thumb/v7e-m+fp/hard\libc_nano.a(lib_a-lock.o)
                0x0000000008003716                __retarget_lock_release_recursive
 *(.glue_7)
 .glue_7        0x0000000008003718        0x0 linker stubs
 *(.glue_7t)
 .glue_7t       0x0000000008003718        0x0 linker stubs
 *(.eh_frame)
 .eh_frame      0x0000000008003718        0x0 d:/embeded/stm 32/stm32_cubeide/stm32cubeide_1.7.0/stm32cubeide/plugins/com.st.stm32cube.ide.mcu.externaltools.gnu-tools-for-stm32.9-2020-q2-update.win32_2.0.0.202105311346/tools/bin/../lib/gcc/arm-none-eabi/9.3.1/thumb/v7e-m+fp/hard/crtbegin.o
 *(.init)
 .init          0x0000000008003718        0x4 d:/embeded/stm 32/stm32_cubeide/stm32cubeide_1.7.0/stm32cubeide/plugins/com.st.stm32cube.ide.mcu.externaltools.gnu-tools-for-stm32.9-2020-q2-update.win32_2.0.0.202105311346/tools/bin/../lib/gcc/arm-none-eabi/9.3.1/thumb/v7e-m+fp/hard/crti.o
                0x0000000008003718                _init
 .init          0x000000000800371c        0x8 d:/embeded/stm 32/stm32_cubeide/stm32cubeide_1.7.0/stm32cubeide/plugins/com.st.stm32cube.ide.mcu.externaltools.gnu-tools-for-stm32.9-2020-q2-update.win32_2.0.0.202105311346/tools/bin/../lib/gcc/arm-none-eabi/9.3.1/thumb/v7e-m+fp/hard/crtn.o
 *(.fini)
 .fini          0x0000000008003724        0x4 d:/embeded/stm 32/stm32_cubeide/stm32cubeide_1.7.0/stm32cubeide/plugins/com.st.stm32cube.ide.mcu.externaltools.gnu-tools-for-stm32.9-2020-q2-update.win32_2.0.0.202105311346/tools/bin/../lib/gcc/arm-none-eabi/9.3.1/thumb/v7e-m+fp/hard/crti.o
                0x0000000008003724                _fini
 .fini          0x0000000008003728        0x8 d:/embeded/stm 32/stm32_cubeide/stm32cubeide_1.7.0/stm32cubeide/plugins/com.st.stm32cube.ide.mcu.externaltools.gnu-tools-for-stm32.9-2020-q2-update.win32_2.0.0.202105311346/tools/bin/../lib/gcc/arm-none-eabi/9.3.1/thumb/v7e-m+fp/hard/crtn.o
                0x0000000008003730                . = ALIGN (0x4)
                0x0000000008003730                _etext = .

.vfp11_veneer   0x0000000008003730        0x0
 .vfp11_veneer  0x0000000008003730        0x0 linker stubs

.v4_bx          0x0000000008003730        0x0
 .v4_bx         0x0000000008003730        0x0 linker stubs

.iplt           0x0000000008003730        0x0
 .iplt          0x0000000008003730        0x0 d:/embeded/stm 32/stm32_cubeide/stm32cubeide_1.7.0/stm32cubeide/plugins/com.st.stm32cube.ide.mcu.externaltools.gnu-tools-for-stm32.9-2020-q2-update.win32_2.0.0.202105311346/tools/bin/../lib/gcc/arm-none-eabi/9.3.1/thumb/v7e-m+fp/hard/crtbegin.o

.rodata         0x0000000008003730       0xdc
                0x0000000008003730                . = ALIGN (0x4)
 *(.rodata)
 .rodata        0x0000000008003730       0x8d ./Core/Src/main.o
 *(.rodata*)
 *fill*         0x00000000080037bd        0x3 
 .rodata.AHBPrescTable
                0x00000000080037c0       0x10 ./Core/Src/system_stm32f4xx.o
                0x00000000080037c0                AHBPrescTable
 .rodata.APBPrescTable
                0x00000000080037d0        0x8 ./Core/Src/system_stm32f4xx.o
                0x00000000080037d0                APBPrescTable
 .rodata._svfprintf_r.str1.1
                0x00000000080037d8       0x11 d:/embeded/stm 32/stm32_cubeide/stm32cubeide_1.7.0/stm32cubeide/plugins/com.st.stm32cube.ide.mcu.externaltools.gnu-tools-for-stm32.9-2020-q2-update.win32_2.0.0.202105311346/tools/bin/../lib/gcc/arm-none-eabi/9.3.1/../../../../arm-none-eabi/lib/thumb/v7e-m+fp/hard\libc_nano.a(lib_a-nano-svfprintf.o)
 .rodata._printf_i.str1.1
                0x00000000080037e9       0x22 d:/embeded/stm 32/stm32_cubeide/stm32cubeide_1.7.0/stm32cubeide/plugins/com.st.stm32cube.ide.mcu.externaltools.gnu-tools-for-stm32.9-2020-q2-update.win32_2.0.0.202105311346/tools/bin/../lib/gcc/arm-none-eabi/9.3.1/../../../../arm-none-eabi/lib/thumb/v7e-m+fp/hard\libc_nano.a(lib_a-nano-vfprintf_i.o)
                0x000000000800380c                . = ALIGN (0x4)
 *fill*         0x000000000800380b        0x1 

.ARM.extab      0x000000000800380c        0x0
                0x000000000800380c                . = ALIGN (0x4)
 *(.ARM.extab* .gnu.linkonce.armextab.*)
                0x000000000800380c                . = ALIGN (0x4)

.ARM            0x000000000800380c        0x8
                0x000000000800380c                . = ALIGN (0x4)
                0x000000000800380c                __exidx_start = .
 *(.ARM.exidx*)
 .ARM.exidx     0x000000000800380c        0x8 d:/embeded/stm 32/stm32_cubeide/stm32cubeide_1.7.0/stm32cubeide/plugins/com.st.stm32cube.ide.mcu.externaltools.gnu-tools-for-stm32.9-2020-q2-update.win32_2.0.0.202105311346/tools/bin/../lib/gcc/arm-none-eabi/9.3.1/thumb/v7e-m+fp/hard\libgcc.a(_udivmoddi4.o)
                0x0000000008003814                __exidx_end = .
                0x0000000008003814                . = ALIGN (0x4)

.rel.dyn        0x0000000008003814        0x0
 .rel.iplt      0x0000000008003814        0x0 d:/embeded/stm 32/stm32_cubeide/stm32cubeide_1.7.0/stm32cubeide/plugins/com.st.stm32cube.ide.mcu.externaltools.gnu-tools-for-stm32.9-2020-q2-update.win32_2.0.0.202105311346/tools/bin/../lib/gcc/arm-none-eabi/9.3.1/thumb/v7e-m+fp/hard/crtbegin.o

.preinit_array  0x0000000008003814        0x0
                0x0000000008003814                . = ALIGN (0x4)
                0x0000000008003814                PROVIDE (__preinit_array_start = .)
 *(.preinit_array*)
                0x0000000008003814                PROVIDE (__preinit_array_end = .)
                0x0000000008003814                . = ALIGN (0x4)

.init_array     0x0000000008003814        0x4
                0x0000000008003814                . = ALIGN (0x4)
                0x0000000008003814                PROVIDE (__init_array_start = .)
 *(SORT_BY_NAME(.init_array.*))
 *(.init_array*)
 .init_array    0x0000000008003814        0x4 d:/embeded/stm 32/stm32_cubeide/stm32cubeide_1.7.0/stm32cubeide/plugins/com.st.stm32cube.ide.mcu.externaltools.gnu-tools-for-stm32.9-2020-q2-update.win32_2.0.0.202105311346/tools/bin/../lib/gcc/arm-none-eabi/9.3.1/thumb/v7e-m+fp/hard/crtbegin.o
                0x0000000008003818                PROVIDE (__init_array_end = .)
                0x0000000008003818                . = ALIGN (0x4)

.fini_array     0x0000000008003818        0x4
                0x0000000008003818                . = ALIGN (0x4)
                [!provide]                        PROVIDE (__fini_array_start = .)
 *(SORT_BY_NAME(.fini_array.*))
 *(.fini_array*)
 .fini_array    0x0000000008003818        0x4 d:/embeded/stm 32/stm32_cubeide/stm32cubeide_1.7.0/stm32cubeide/plugins/com.st.stm32cube.ide.mcu.externaltools.gnu-tools-for-stm32.9-2020-q2-update.win32_2.0.0.202105311346/tools/bin/../lib/gcc/arm-none-eabi/9.3.1/thumb/v7e-m+fp/hard/crtbegin.o
                [!provide]                        PROVIDE (__fini_array_end = .)
                0x000000000800381c                . = ALIGN (0x4)
                0x000000000800381c                _sidata = LOADADDR (.data)

.data           0x0000000020000000      0x230 load address 0x000000000800381c
                0x0000000020000000                . = ALIGN (0x4)
                0x0000000020000000                _sdata = .
 *(.data)
 *(.data*)
 .data.PASSWORD
                0x0000000020000000        0x6 ./Core/Src/main.o
                0x0000000020000000                PASSWORD
 *fill*         0x0000000020000006        0x2 
 .data.cardPASS
                0x0000000020000008       0x18 ./Core/Src/main.o
                0x0000000020000008                cardPASS
 .data.KEYMAP   0x0000000020000020       0x10 ./Core/Src/main.o
                0x0000000020000020                KEYMAP
 .data.card     0x0000000020000030      0x190 ./Core/Src/main.o
                0x0000000020000030                card
 .data.SystemCoreClock
                0x00000000200001c0        0x4 ./Core/Src/system_stm32f4xx.o
                0x00000000200001c0                SystemCoreClock
 .data.uwTickPrio
                0x00000000200001c4        0x4 ./Drivers/STM32F4xx_HAL_Driver/Src/stm32f4xx_hal.o
                0x00000000200001c4                uwTickPrio
 .data.uwTickFreq
                0x00000000200001c8        0x1 ./Drivers/STM32F4xx_HAL_Driver/Src/stm32f4xx_hal.o
                0x00000000200001c8                uwTickFreq
 *fill*         0x00000000200001c9        0x3 
 .data._impure_ptr
                0x00000000200001cc        0x4 d:/embeded/stm 32/stm32_cubeide/stm32cubeide_1.7.0/stm32cubeide/plugins/com.st.stm32cube.ide.mcu.externaltools.gnu-tools-for-stm32.9-2020-q2-update.win32_2.0.0.202105311346/tools/bin/../lib/gcc/arm-none-eabi/9.3.1/../../../../arm-none-eabi/lib/thumb/v7e-m+fp/hard\libc_nano.a(lib_a-impure.o)
                0x00000000200001cc                _impure_ptr
 .data.impure_data
                0x00000000200001d0       0x60 d:/embeded/stm 32/stm32_cubeide/stm32cubeide_1.7.0/stm32cubeide/plugins/com.st.stm32cube.ide.mcu.externaltools.gnu-tools-for-stm32.9-2020-q2-update.win32_2.0.0.202105311346/tools/bin/../lib/gcc/arm-none-eabi/9.3.1/../../../../arm-none-eabi/lib/thumb/v7e-m+fp/hard\libc_nano.a(lib_a-impure.o)
 *(.RamFunc)
 *(.RamFunc*)
                0x0000000020000230                . = ALIGN (0x4)
                0x0000000020000230                _edata = .

.igot.plt       0x0000000020000230        0x0 load address 0x0000000008003a4c
 .igot.plt      0x0000000020000230        0x0 d:/embeded/stm 32/stm32_cubeide/stm32cubeide_1.7.0/stm32cubeide/plugins/com.st.stm32cube.ide.mcu.externaltools.gnu-tools-for-stm32.9-2020-q2-update.win32_2.0.0.202105311346/tools/bin/../lib/gcc/arm-none-eabi/9.3.1/thumb/v7e-m+fp/hard/crtbegin.o
                0x0000000020000230                . = ALIGN (0x4)

.bss            0x0000000020000230      0x13c load address 0x0000000008003a4c
                0x0000000020000230                _sbss = .
                0x0000000020000230                __bss_start__ = _sbss
 *(.bss)
 .bss           0x0000000020000230       0x1c d:/embeded/stm 32/stm32_cubeide/stm32cubeide_1.7.0/stm32cubeide/plugins/com.st.stm32cube.ide.mcu.externaltools.gnu-tools-for-stm32.9-2020-q2-update.win32_2.0.0.202105311346/tools/bin/../lib/gcc/arm-none-eabi/9.3.1/thumb/v7e-m+fp/hard/crtbegin.o
 *(.bss*)
 .bss.length    0x000000002000024c        0x4 ./Core/Src/main.o
                0x000000002000024c                length
 .bss.PassErr   0x0000000020000250        0x4 ./Core/Src/main.o
                0x0000000020000250                PassErr
 .bss.EraseInitStruct.7793
                0x0000000020000254       0x14 ./Core/Src/main.o
 .bss.__sbrk_heap_end
                0x0000000020000268        0x4 ./Core/Src/sysmem.o
 .bss.__malloc_free_list
                0x000000002000026c        0x4 d:/embeded/stm 32/stm32_cubeide/stm32cubeide_1.7.0/stm32cubeide/plugins/com.st.stm32cube.ide.mcu.externaltools.gnu-tools-for-stm32.9-2020-q2-update.win32_2.0.0.202105311346/tools/bin/../lib/gcc/arm-none-eabi/9.3.1/../../../../arm-none-eabi/lib/thumb/v7e-m+fp/hard\libc_nano.a(lib_a-nano-mallocr.o)
                0x000000002000026c                __malloc_free_list
 .bss.__malloc_sbrk_start
                0x0000000020000270        0x4 d:/embeded/stm 32/stm32_cubeide/stm32cubeide_1.7.0/stm32cubeide/plugins/com.st.stm32cube.ide.mcu.externaltools.gnu-tools-for-stm32.9-2020-q2-update.win32_2.0.0.202105311346/tools/bin/../lib/gcc/arm-none-eabi/9.3.1/../../../../arm-none-eabi/lib/thumb/v7e-m+fp/hard\libc_nano.a(lib_a-nano-mallocr.o)
                0x0000000020000270                __malloc_sbrk_start
 *(COMMON)
 COMMON         0x0000000020000274       0xc2 ./Core/Src/main.o
                0x0000000020000274                DATA
                0x000000002000027c                cardNum
                0x0000000020000280                cardRx
                0x0000000020000298                KeyPad
                0x00000000200002ec                huart2
                0x0000000020000330                str
                0x0000000020000335                Key
 *fill*         0x0000000020000336        0x2 
 COMMON         0x0000000020000338        0x4 ./Drivers/STM32F4xx_HAL_Driver/Src/stm32f4xx_hal.o
                0x0000000020000338                uwTick
 COMMON         0x000000002000033c       0x20 ./Drivers/STM32F4xx_HAL_Driver/Src/stm32f4xx_hal_flash.o
                0x000000002000033c                pFlash
 COMMON         0x000000002000035c        0x4 d:/embeded/stm 32/stm32_cubeide/stm32cubeide_1.7.0/stm32cubeide/plugins/com.st.stm32cube.ide.mcu.externaltools.gnu-tools-for-stm32.9-2020-q2-update.win32_2.0.0.202105311346/tools/bin/../lib/gcc/arm-none-eabi/9.3.1/../../../../arm-none-eabi/lib/thumb/v7e-m+fp/hard\libc_nano.a(lib_a-reent.o)
                0x000000002000035c                errno
 COMMON         0x0000000020000360        0x9 d:/embeded/stm 32/stm32_cubeide/stm32cubeide_1.7.0/stm32cubeide/plugins/com.st.stm32cube.ide.mcu.externaltools.gnu-tools-for-stm32.9-2020-q2-update.win32_2.0.0.202105311346/tools/bin/../lib/gcc/arm-none-eabi/9.3.1/../../../../arm-none-eabi/lib/thumb/v7e-m+fp/hard\libc_nano.a(lib_a-lock.o)
                0x0000000020000360                __lock___atexit_recursive_mutex
                0x0000000020000361                __lock___arc4random_mutex
                0x0000000020000362                __lock___env_recursive_mutex
                0x0000000020000363                __lock___sinit_recursive_mutex
                0x0000000020000364                __lock___malloc_recursive_mutex
                0x0000000020000365                __lock___at_quick_exit_mutex
                0x0000000020000366                __lock___dd_hash_mutex
                0x0000000020000367                __lock___tz_mutex
                0x0000000020000368                __lock___sfp_recursive_mutex
                0x000000002000036c                . = ALIGN (0x4)
 *fill*         0x0000000020000369        0x3 
                0x000000002000036c                _ebss = .
                0x000000002000036c                __bss_end__ = _ebss

._user_heap_stack
                0x000000002000036c      0x604 load address 0x0000000008003a4c
                0x0000000020000370                . = ALIGN (0x8)
 *fill*         0x000000002000036c        0x4 
                [!provide]                        PROVIDE (end = .)
                0x0000000020000370                PROVIDE (_end = .)
                0x0000000020000570                . = (. + _Min_Heap_Size)
 *fill*         0x0000000020000370      0x200 
                0x0000000020000970                . = (. + _Min_Stack_Size)
 *fill*         0x0000000020000570      0x400 
                0x0000000020000970                . = ALIGN (0x8)

/DISCARD/
 libc.a(*)
 libm.a(*)
 libgcc.a(*)

.ARM.attributes
                0x0000000000000000       0x30
 *(.ARM.attributes)
 .ARM.attributes
                0x0000000000000000       0x1e d:/embeded/stm 32/stm32_cubeide/stm32cubeide_1.7.0/stm32cubeide/plugins/com.st.stm32cube.ide.mcu.externaltools.gnu-tools-for-stm32.9-2020-q2-update.win32_2.0.0.202105311346/tools/bin/../lib/gcc/arm-none-eabi/9.3.1/thumb/v7e-m+fp/hard/crti.o
 .ARM.attributes
                0x000000000000001e       0x34 d:/embeded/stm 32/stm32_cubeide/stm32cubeide_1.7.0/stm32cubeide/plugins/com.st.stm32cube.ide.mcu.externaltools.gnu-tools-for-stm32.9-2020-q2-update.win32_2.0.0.202105311346/tools/bin/../lib/gcc/arm-none-eabi/9.3.1/thumb/v7e-m+fp/hard/crtbegin.o
 .ARM.attributes
                0x0000000000000052       0x34 ./Core/Src/KEYPAD.o
 .ARM.attributes
                0x0000000000000086       0x34 ./Core/Src/main.o
 .ARM.attributes
                0x00000000000000ba       0x34 ./Core/Src/stm32f4xx_hal_msp.o
 .ARM.attributes
                0x00000000000000ee       0x34 ./Core/Src/stm32f4xx_it.o
 .ARM.attributes
                0x0000000000000122       0x34 ./Core/Src/sysmem.o
 .ARM.attributes
                0x0000000000000156       0x34 ./Core/Src/system_stm32f4xx.o
 .ARM.attributes
                0x000000000000018a       0x21 ./Core/Startup/startup_stm32f401retx.o
 .ARM.attributes
                0x00000000000001ab       0x34 ./Drivers/STM32F4xx_HAL_Driver/Src/stm32f4xx_hal.o
 .ARM.attributes
                0x00000000000001df       0x34 ./Drivers/STM32F4xx_HAL_Driver/Src/stm32f4xx_hal_cortex.o
 .ARM.attributes
                0x0000000000000213       0x34 ./Drivers/STM32F4xx_HAL_Driver/Src/stm32f4xx_hal_flash.o
 .ARM.attributes
                0x0000000000000247       0x34 ./Drivers/STM32F4xx_HAL_Driver/Src/stm32f4xx_hal_flash_ex.o
 .ARM.attributes
                0x000000000000027b       0x34 ./Drivers/STM32F4xx_HAL_Driver/Src/stm32f4xx_hal_gpio.o
 .ARM.attributes
                0x00000000000002af       0x34 ./Drivers/STM32F4xx_HAL_Driver/Src/stm32f4xx_hal_rcc.o
 .ARM.attributes
                0x00000000000002e3       0x34 ./Drivers/STM32F4xx_HAL_Driver/Src/stm32f4xx_hal_uart.o
 .ARM.attributes
                0x0000000000000317       0x34 d:/embeded/stm 32/stm32_cubeide/stm32cubeide_1.7.0/stm32cubeide/plugins/com.st.stm32cube.ide.mcu.externaltools.gnu-tools-for-stm32.9-2020-q2-update.win32_2.0.0.202105311346/tools/bin/../lib/gcc/arm-none-eabi/9.3.1/../../../../arm-none-eabi/lib/thumb/v7e-m+fp/hard\libc_nano.a(lib_a-errno.o)
 .ARM.attributes
                0x000000000000034b       0x32 d:/embeded/stm 32/stm32_cubeide/stm32cubeide_1.7.0/stm32cubeide/plugins/com.st.stm32cube.ide.mcu.externaltools.gnu-tools-for-stm32.9-2020-q2-update.win32_2.0.0.202105311346/tools/bin/../lib/gcc/arm-none-eabi/9.3.1/../../../../arm-none-eabi/lib/thumb/v7e-m+fp/hard\libc_nano.a(lib_a-impure.o)
 .ARM.attributes
                0x000000000000037d       0x34 d:/embeded/stm 32/stm32_cubeide/stm32cubeide_1.7.0/stm32cubeide/plugins/com.st.stm32cube.ide.mcu.externaltools.gnu-tools-for-stm32.9-2020-q2-update.win32_2.0.0.202105311346/tools/bin/../lib/gcc/arm-none-eabi/9.3.1/../../../../arm-none-eabi/lib/thumb/v7e-m+fp/hard\libc_nano.a(lib_a-init.o)
 .ARM.attributes
                0x00000000000003b1       0x34 d:/embeded/stm 32/stm32_cubeide/stm32cubeide_1.7.0/stm32cubeide/plugins/com.st.stm32cube.ide.mcu.externaltools.gnu-tools-for-stm32.9-2020-q2-update.win32_2.0.0.202105311346/tools/bin/../lib/gcc/arm-none-eabi/9.3.1/../../../../arm-none-eabi/lib/thumb/v7e-m+fp/hard\libc_nano.a(lib_a-memset.o)
 .ARM.attributes
                0x00000000000003e5       0x34 d:/embeded/stm 32/stm32_cubeide/stm32cubeide_1.7.0/stm32cubeide/plugins/com.st.stm32cube.ide.mcu.externaltools.gnu-tools-for-stm32.9-2020-q2-update.win32_2.0.0.202105311346/tools/bin/../lib/gcc/arm-none-eabi/9.3.1/../../../../arm-none-eabi/lib/thumb/v7e-m+fp/hard\libc_nano.a(lib_a-sprintf.o)
 .ARM.attributes
                0x0000000000000419       0x34 d:/embeded/stm 32/stm32_cubeide/stm32cubeide_1.7.0/stm32cubeide/plugins/com.st.stm32cube.ide.mcu.externaltools.gnu-tools-for-stm32.9-2020-q2-update.win32_2.0.0.202105311346/tools/bin/../lib/gcc/arm-none-eabi/9.3.1/../../../../arm-none-eabi/lib/thumb/v7e-m+fp/hard\libc_nano.a(lib_a-nano-svfprintf.o)
 .ARM.attributes
                0x000000000000044d       0x34 d:/embeded/stm 32/stm32_cubeide/stm32cubeide_1.7.0/stm32cubeide/plugins/com.st.stm32cube.ide.mcu.externaltools.gnu-tools-for-stm32.9-2020-q2-update.win32_2.0.0.202105311346/tools/bin/../lib/gcc/arm-none-eabi/9.3.1/../../../../arm-none-eabi/lib/thumb/v7e-m+fp/hard\libc_nano.a(lib_a-nano-vfprintf_i.o)
 .ARM.attributes
                0x0000000000000481       0x1c d:/embeded/stm 32/stm32_cubeide/stm32cubeide_1.7.0/stm32cubeide/plugins/com.st.stm32cube.ide.mcu.externaltools.gnu-tools-for-stm32.9-2020-q2-update.win32_2.0.0.202105311346/tools/bin/../lib/gcc/arm-none-eabi/9.3.1/../../../../arm-none-eabi/lib/thumb/v7e-m+fp/hard\libc_nano.a(lib_a-memchr.o)
 .ARM.attributes
                0x000000000000049d       0x34 d:/embeded/stm 32/stm32_cubeide/stm32cubeide_1.7.0/stm32cubeide/plugins/com.st.stm32cube.ide.mcu.externaltools.gnu-tools-for-stm32.9-2020-q2-update.win32_2.0.0.202105311346/tools/bin/../lib/gcc/arm-none-eabi/9.3.1/../../../../arm-none-eabi/lib/thumb/v7e-m+fp/hard\libc_nano.a(lib_a-memcpy-stub.o)
 .ARM.attributes
                0x00000000000004d1       0x34 d:/embeded/stm 32/stm32_cubeide/stm32cubeide_1.7.0/stm32cubeide/plugins/com.st.stm32cube.ide.mcu.externaltools.gnu-tools-for-stm32.9-2020-q2-update.win32_2.0.0.202105311346/tools/bin/../lib/gcc/arm-none-eabi/9.3.1/../../../../arm-none-eabi/lib/thumb/v7e-m+fp/hard\libc_nano.a(lib_a-memmove.o)
 .ARM.attributes
                0x0000000000000505       0x34 d:/embeded/stm 32/stm32_cubeide/stm32cubeide_1.7.0/stm32cubeide/plugins/com.st.stm32cube.ide.mcu.externaltools.gnu-tools-for-stm32.9-2020-q2-update.win32_2.0.0.202105311346/tools/bin/../lib/gcc/arm-none-eabi/9.3.1/../../../../arm-none-eabi/lib/thumb/v7e-m+fp/hard\libc_nano.a(lib_a-nano-freer.o)
 .ARM.attributes
                0x0000000000000539       0x34 d:/embeded/stm 32/stm32_cubeide/stm32cubeide_1.7.0/stm32cubeide/plugins/com.st.stm32cube.ide.mcu.externaltools.gnu-tools-for-stm32.9-2020-q2-update.win32_2.0.0.202105311346/tools/bin/../lib/gcc/arm-none-eabi/9.3.1/../../../../arm-none-eabi/lib/thumb/v7e-m+fp/hard\libc_nano.a(lib_a-nano-mallocr.o)
 .ARM.attributes
                0x000000000000056d       0x34 d:/embeded/stm 32/stm32_cubeide/stm32cubeide_1.7.0/stm32cubeide/plugins/com.st.stm32cube.ide.mcu.externaltools.gnu-tools-for-stm32.9-2020-q2-update.win32_2.0.0.202105311346/tools/bin/../lib/gcc/arm-none-eabi/9.3.1/../../../../arm-none-eabi/lib/thumb/v7e-m+fp/hard\libc_nano.a(lib_a-nano-reallocr.o)
 .ARM.attributes
                0x00000000000005a1       0x34 d:/embeded/stm 32/stm32_cubeide/stm32cubeide_1.7.0/stm32cubeide/plugins/com.st.stm32cube.ide.mcu.externaltools.gnu-tools-for-stm32.9-2020-q2-update.win32_2.0.0.202105311346/tools/bin/../lib/gcc/arm-none-eabi/9.3.1/../../../../arm-none-eabi/lib/thumb/v7e-m+fp/hard\libc_nano.a(lib_a-sbrkr.o)
 .ARM.attributes
                0x00000000000005d5       0x34 d:/embeded/stm 32/stm32_cubeide/stm32cubeide_1.7.0/stm32cubeide/plugins/com.st.stm32cube.ide.mcu.externaltools.gnu-tools-for-stm32.9-2020-q2-update.win32_2.0.0.202105311346/tools/bin/../lib/gcc/arm-none-eabi/9.3.1/../../../../arm-none-eabi/lib/thumb/v7e-m+fp/hard\libc_nano.a(lib_a-mlock.o)
 .ARM.attributes
                0x0000000000000609       0x34 d:/embeded/stm 32/stm32_cubeide/stm32cubeide_1.7.0/stm32cubeide/plugins/com.st.stm32cube.ide.mcu.externaltools.gnu-tools-for-stm32.9-2020-q2-update.win32_2.0.0.202105311346/tools/bin/../lib/gcc/arm-none-eabi/9.3.1/../../../../arm-none-eabi/lib/thumb/v7e-m+fp/hard\libc_nano.a(lib_a-nano-msizer.o)
 .ARM.attributes
                0x000000000000063d       0x34 d:/embeded/stm 32/stm32_cubeide/stm32cubeide_1.7.0/stm32cubeide/plugins/com.st.stm32cube.ide.mcu.externaltools.gnu-tools-for-stm32.9-2020-q2-update.win32_2.0.0.202105311346/tools/bin/../lib/gcc/arm-none-eabi/9.3.1/../../../../arm-none-eabi/lib/thumb/v7e-m+fp/hard\libc_nano.a(lib_a-reent.o)
 .ARM.attributes
                0x0000000000000671       0x34 d:/embeded/stm 32/stm32_cubeide/stm32cubeide_1.7.0/stm32cubeide/plugins/com.st.stm32cube.ide.mcu.externaltools.gnu-tools-for-stm32.9-2020-q2-update.win32_2.0.0.202105311346/tools/bin/../lib/gcc/arm-none-eabi/9.3.1/../../../../arm-none-eabi/lib/thumb/v7e-m+fp/hard\libc_nano.a(lib_a-lock.o)
 .ARM.attributes
                0x00000000000006a5       0x1e d:/embeded/stm 32/stm32_cubeide/stm32cubeide_1.7.0/stm32cubeide/plugins/com.st.stm32cube.ide.mcu.externaltools.gnu-tools-for-stm32.9-2020-q2-update.win32_2.0.0.202105311346/tools/bin/../lib/gcc/arm-none-eabi/9.3.1/thumb/v7e-m+fp/hard\libgcc.a(_aeabi_uldivmod.o)
 .ARM.attributes
                0x00000000000006c3       0x34 d:/embeded/stm 32/stm32_cubeide/stm32cubeide_1.7.0/stm32cubeide/plugins/com.st.stm32cube.ide.mcu.externaltools.gnu-tools-for-stm32.9-2020-q2-update.win32_2.0.0.202105311346/tools/bin/../lib/gcc/arm-none-eabi/9.3.1/thumb/v7e-m+fp/hard\libgcc.a(_udivmoddi4.o)
 .ARM.attributes
                0x00000000000006f7       0x1e d:/embeded/stm 32/stm32_cubeide/stm32cubeide_1.7.0/stm32cubeide/plugins/com.st.stm32cube.ide.mcu.externaltools.gnu-tools-for-stm32.9-2020-q2-update.win32_2.0.0.202105311346/tools/bin/../lib/gcc/arm-none-eabi/9.3.1/thumb/v7e-m+fp/hard\libgcc.a(_dvmd_tls.o)
 .ARM.attributes
                0x0000000000000715       0x1e d:/embeded/stm 32/stm32_cubeide/stm32cubeide_1.7.0/stm32cubeide/plugins/com.st.stm32cube.ide.mcu.externaltools.gnu-tools-for-stm32.9-2020-q2-update.win32_2.0.0.202105311346/tools/bin/../lib/gcc/arm-none-eabi/9.3.1/thumb/v7e-m+fp/hard/crtn.o
OUTPUT(TIME_MANAGE_SYSTEM.elf elf32-littlearm)
LOAD linker stubs
LOAD d:/embeded/stm 32/stm32_cubeide/stm32cubeide_1.7.0/stm32cubeide/plugins/com.st.stm32cube.ide.mcu.externaltools.gnu-tools-for-stm32.9-2020-q2-update.win32_2.0.0.202105311346/tools/bin/../lib/gcc/arm-none-eabi/9.3.1/../../../../arm-none-eabi/lib/thumb/v7e-m+fp/hard\libc.a
LOAD d:/embeded/stm 32/stm32_cubeide/stm32cubeide_1.7.0/stm32cubeide/plugins/com.st.stm32cube.ide.mcu.externaltools.gnu-tools-for-stm32.9-2020-q2-update.win32_2.0.0.202105311346/tools/bin/../lib/gcc/arm-none-eabi/9.3.1/../../../../arm-none-eabi/lib/thumb/v7e-m+fp/hard\libm.a
LOAD d:/embeded/stm 32/stm32_cubeide/stm32cubeide_1.7.0/stm32cubeide/plugins/com.st.stm32cube.ide.mcu.externaltools.gnu-tools-for-stm32.9-2020-q2-update.win32_2.0.0.202105311346/tools/bin/../lib/gcc/arm-none-eabi/9.3.1/thumb/v7e-m+fp/hard\libgcc.a

.debug_info     0x0000000000000000     0x9f0d
 .debug_info    0x0000000000000000      0x55d ./Core/Src/KEYPAD.o
 .debug_info    0x000000000000055d     0x1276 ./Core/Src/main.o
 .debug_info    0x00000000000017d3      0xa1e ./Core/Src/stm32f4xx_hal_msp.o
 .debug_info    0x00000000000021f1      0x222 ./Core/Src/stm32f4xx_it.o
 .debug_info    0x0000000000002413      0xa25 ./Core/Src/sysmem.o
 .debug_info    0x0000000000002e38      0x5d0 ./Core/Src/system_stm32f4xx.o
 .debug_info    0x0000000000003408       0x22 ./Core/Startup/startup_stm32f401retx.o
 .debug_info    0x000000000000342a      0x93d ./Drivers/STM32F4xx_HAL_Driver/Src/stm32f4xx_hal.o
 .debug_info    0x0000000000003d67      0xe41 ./Drivers/STM32F4xx_HAL_Driver/Src/stm32f4xx_hal_cortex.o
 .debug_info    0x0000000000004ba8      0x674 ./Drivers/STM32F4xx_HAL_Driver/Src/stm32f4xx_hal_flash.o
 .debug_info    0x000000000000521c      0x8fc ./Drivers/STM32F4xx_HAL_Driver/Src/stm32f4xx_hal_flash_ex.o
 .debug_info    0x0000000000005b18      0x862 ./Drivers/STM32F4xx_HAL_Driver/Src/stm32f4xx_hal_gpio.o
 .debug_info    0x000000000000637a      0x9bd ./Drivers/STM32F4xx_HAL_Driver/Src/stm32f4xx_hal_rcc.o
 .debug_info    0x0000000000006d37     0x31d6 ./Drivers/STM32F4xx_HAL_Driver/Src/stm32f4xx_hal_uart.o

.debug_abbrev   0x0000000000000000     0x1c3d
 .debug_abbrev  0x0000000000000000      0x1c2 ./Core/Src/KEYPAD.o
 .debug_abbrev  0x00000000000001c2      0x33f ./Core/Src/main.o
 .debug_abbrev  0x0000000000000501      0x1ac ./Core/Src/stm32f4xx_hal_msp.o
 .debug_abbrev  0x00000000000006ad       0xd2 ./Core/Src/stm32f4xx_it.o
 .debug_abbrev  0x000000000000077f      0x1bf ./Core/Src/sysmem.o
 .debug_abbrev  0x000000000000093e      0x145 ./Core/Src/system_stm32f4xx.o
 .debug_abbrev  0x0000000000000a83       0x12 ./Core/Startup/startup_stm32f401retx.o
 .debug_abbrev  0x0000000000000a95      0x21e ./Drivers/STM32F4xx_HAL_Driver/Src/stm32f4xx_hal.o
 .debug_abbrev  0x0000000000000cb3      0x33c ./Drivers/STM32F4xx_HAL_Driver/Src/stm32f4xx_hal_cortex.o
 .debug_abbrev  0x0000000000000fef      0x27e ./Drivers/STM32F4xx_HAL_Driver/Src/stm32f4xx_hal_flash.o
 .debug_abbrev  0x000000000000126d      0x26e ./Drivers/STM32F4xx_HAL_Driver/Src/stm32f4xx_hal_flash_ex.o
 .debug_abbrev  0x00000000000014db      0x1f1 ./Drivers/STM32F4xx_HAL_Driver/Src/stm32f4xx_hal_gpio.o
 .debug_abbrev  0x00000000000016cc      0x275 ./Drivers/STM32F4xx_HAL_Driver/Src/stm32f4xx_hal_rcc.o
 .debug_abbrev  0x0000000000001941      0x2fc ./Drivers/STM32F4xx_HAL_Driver/Src/stm32f4xx_hal_uart.o

.debug_aranges  0x0000000000000000      0x838
 .debug_aranges
                0x0000000000000000       0x38 ./Core/Src/KEYPAD.o
 .debug_aranges
                0x0000000000000038       0xb0 ./Core/Src/main.o
 .debug_aranges
                0x00000000000000e8       0x30 ./Core/Src/stm32f4xx_hal_msp.o
 .debug_aranges
                0x0000000000000118       0x60 ./Core/Src/stm32f4xx_it.o
 .debug_aranges
                0x0000000000000178       0x20 ./Core/Src/sysmem.o
 .debug_aranges
                0x0000000000000198       0x28 ./Core/Src/system_stm32f4xx.o
 .debug_aranges
                0x00000000000001c0       0x28 ./Core/Startup/startup_stm32f401retx.o
 .debug_aranges
                0x00000000000001e8       0xf0 ./Drivers/STM32F4xx_HAL_Driver/Src/stm32f4xx_hal.o
 .debug_aranges
                0x00000000000002d8      0x118 ./Drivers/STM32F4xx_HAL_Driver/Src/stm32f4xx_hal_cortex.o
 .debug_aranges
                0x00000000000003f0       0xa0 ./Drivers/STM32F4xx_HAL_Driver/Src/stm32f4xx_hal_flash.o
 .debug_aranges
                0x0000000000000490       0xc8 ./Drivers/STM32F4xx_HAL_Driver/Src/stm32f4xx_hal_flash_ex.o
 .debug_aranges
                0x0000000000000558       0x58 ./Drivers/STM32F4xx_HAL_Driver/Src/stm32f4xx_hal_gpio.o
 .debug_aranges
                0x00000000000005b0       0x88 ./Drivers/STM32F4xx_HAL_Driver/Src/stm32f4xx_hal_rcc.o
 .debug_aranges
                0x0000000000000638      0x200 ./Drivers/STM32F4xx_HAL_Driver/Src/stm32f4xx_hal_uart.o

.debug_ranges   0x0000000000000000      0x790
 .debug_ranges  0x0000000000000000       0x28 ./Core/Src/KEYPAD.o
 .debug_ranges  0x0000000000000028       0xa0 ./Core/Src/main.o
 .debug_ranges  0x00000000000000c8       0x20 ./Core/Src/stm32f4xx_hal_msp.o
 .debug_ranges  0x00000000000000e8       0x50 ./Core/Src/stm32f4xx_it.o
 .debug_ranges  0x0000000000000138       0x10 ./Core/Src/sysmem.o
 .debug_ranges  0x0000000000000148       0x18 ./Core/Src/system_stm32f4xx.o
 .debug_ranges  0x0000000000000160       0x20 ./Core/Startup/startup_stm32f401retx.o
 .debug_ranges  0x0000000000000180       0xe0 ./Drivers/STM32F4xx_HAL_Driver/Src/stm32f4xx_hal.o
 .debug_ranges  0x0000000000000260      0x108 ./Drivers/STM32F4xx_HAL_Driver/Src/stm32f4xx_hal_cortex.o
 .debug_ranges  0x0000000000000368       0x90 ./Drivers/STM32F4xx_HAL_Driver/Src/stm32f4xx_hal_flash.o
 .debug_ranges  0x00000000000003f8       0xb8 ./Drivers/STM32F4xx_HAL_Driver/Src/stm32f4xx_hal_flash_ex.o
 .debug_ranges  0x00000000000004b0       0x48 ./Drivers/STM32F4xx_HAL_Driver/Src/stm32f4xx_hal_gpio.o
 .debug_ranges  0x00000000000004f8       0x78 ./Drivers/STM32F4xx_HAL_Driver/Src/stm32f4xx_hal_rcc.o
 .debug_ranges  0x0000000000000570      0x220 ./Drivers/STM32F4xx_HAL_Driver/Src/stm32f4xx_hal_uart.o

.debug_macro    0x0000000000000000    0x154cb
 .debug_macro   0x0000000000000000      0x1d3 ./Core/Src/KEYPAD.o
 .debug_macro   0x00000000000001d3      0xaa8 ./Core/Src/KEYPAD.o
 .debug_macro   0x0000000000000c7b      0x29b ./Core/Src/KEYPAD.o
 .debug_macro   0x0000000000000f16       0x2e ./Core/Src/KEYPAD.o
 .debug_macro   0x0000000000000f44       0x28 ./Core/Src/KEYPAD.o
 .debug_macro   0x0000000000000f6c       0x22 ./Core/Src/KEYPAD.o
 .debug_macro   0x0000000000000f8e       0x8e ./Core/Src/KEYPAD.o
 .debug_macro   0x000000000000101c       0x51 ./Core/Src/KEYPAD.o
 .debug_macro   0x000000000000106d      0x103 ./Core/Src/KEYPAD.o
 .debug_macro   0x0000000000001170       0x6a ./Core/Src/KEYPAD.o
 .debug_macro   0x00000000000011da      0x1df ./Core/Src/KEYPAD.o
 .debug_macro   0x00000000000013b9       0x1c ./Core/Src/KEYPAD.o
 .debug_macro   0x00000000000013d5       0x22 ./Core/Src/KEYPAD.o
 .debug_macro   0x00000000000013f7       0xdf ./Core/Src/KEYPAD.o
 .debug_macro   0x00000000000014d6     0x102d ./Core/Src/KEYPAD.o
 .debug_macro   0x0000000000002503      0x11f ./Core/Src/KEYPAD.o
 .debug_macro   0x0000000000002622     0xb86c ./Core/Src/KEYPAD.o
 .debug_macro   0x000000000000de8e       0x6d ./Core/Src/KEYPAD.o
 .debug_macro   0x000000000000defb     0x3666 ./Core/Src/KEYPAD.o
 .debug_macro   0x0000000000011561      0x174 ./Core/Src/KEYPAD.o
 .debug_macro   0x00000000000116d5       0x5c ./Core/Src/KEYPAD.o
 .debug_macro   0x0000000000011731      0x416 ./Core/Src/KEYPAD.o
 .debug_macro   0x0000000000011b47      0x9fe ./Core/Src/KEYPAD.o
 .debug_macro   0x0000000000012545      0x116 ./Core/Src/KEYPAD.o
 .debug_macro   0x000000000001265b       0xf8 ./Core/Src/KEYPAD.o
 .debug_macro   0x0000000000012753       0xa5 ./Core/Src/KEYPAD.o
 .debug_macro   0x00000000000127f8      0x15f ./Core/Src/KEYPAD.o
 .debug_macro   0x0000000000012957      0x287 ./Core/Src/KEYPAD.o
 .debug_macro   0x0000000000012bde       0x5f ./Core/Src/KEYPAD.o
 .debug_macro   0x0000000000012c3d      0x236 ./Core/Src/KEYPAD.o
 .debug_macro   0x0000000000012e73      0x132 ./Core/Src/KEYPAD.o
 .debug_macro   0x0000000000012fa5      0x264 ./Core/Src/KEYPAD.o
 .debug_macro   0x0000000000013209       0x2e ./Core/Src/KEYPAD.o
 .debug_macro   0x0000000000013237      0x11a ./Core/Src/KEYPAD.o
 .debug_macro   0x0000000000013351       0x85 ./Core/Src/KEYPAD.o
 .debug_macro   0x00000000000133d6       0x89 ./Core/Src/KEYPAD.o
 .debug_macro   0x000000000001345f      0x202 ./Core/Src/KEYPAD.o
 .debug_macro   0x0000000000013661      0x295 ./Core/Src/KEYPAD.o
 .debug_macro   0x00000000000138f6      0x126 ./Core/Src/KEYPAD.o
 .debug_macro   0x0000000000013a1c       0x10 ./Core/Src/KEYPAD.o
 .debug_macro   0x0000000000013a2c      0x260 ./Core/Src/main.o
 .debug_macro   0x0000000000013c8c       0x22 ./Core/Src/main.o
 .debug_macro   0x0000000000013cae       0x4c ./Core/Src/main.o
 .debug_macro   0x0000000000013cfa       0x16 ./Core/Src/main.o
 .debug_macro   0x0000000000013d10      0x21a ./Core/Src/main.o
 .debug_macro   0x0000000000013f2a      0x1d3 ./Core/Src/stm32f4xx_hal_msp.o
 .debug_macro   0x00000000000140fd      0x1dd ./Core/Src/stm32f4xx_it.o
 .debug_macro   0x00000000000142da       0xff ./Core/Src/sysmem.o
 .debug_macro   0x00000000000143d9      0x23b ./Core/Src/sysmem.o
 .debug_macro   0x0000000000014614      0x1c4 ./Core/Src/system_stm32f4xx.o
 .debug_macro   0x00000000000147d8      0x224 ./Drivers/STM32F4xx_HAL_Driver/Src/stm32f4xx_hal.o
 .debug_macro   0x00000000000149fc      0x1c4 ./Drivers/STM32F4xx_HAL_Driver/Src/stm32f4xx_hal_cortex.o
 .debug_macro   0x0000000000014bc0      0x1ca ./Drivers/STM32F4xx_HAL_Driver/Src/stm32f4xx_hal_flash.o
 .debug_macro   0x0000000000014d8a      0x1ca ./Drivers/STM32F4xx_HAL_Driver/Src/stm32f4xx_hal_flash_ex.o
 .debug_macro   0x0000000000014f54      0x1ca ./Drivers/STM32F4xx_HAL_Driver/Src/stm32f4xx_hal_gpio.o
 .debug_macro   0x000000000001511e      0x1e8 ./Drivers/STM32F4xx_HAL_Driver/Src/stm32f4xx_hal_rcc.o
 .debug_macro   0x0000000000015306      0x1c5 ./Drivers/STM32F4xx_HAL_Driver/Src/stm32f4xx_hal_uart.o

.debug_line     0x0000000000000000     0xb3ce
 .debug_line    0x0000000000000000      0x9cc ./Core/Src/KEYPAD.o
 .debug_line    0x00000000000009cc      0xdab ./Core/Src/main.o
 .debug_line    0x0000000000001777      0x8b9 ./Core/Src/stm32f4xx_hal_msp.o
 .debug_line    0x0000000000002030      0x92d ./Core/Src/stm32f4xx_it.o
 .debug_line    0x000000000000295d      0x79d ./Core/Src/sysmem.o
 .debug_line    0x00000000000030fa      0x8ec ./Core/Src/system_stm32f4xx.o
 .debug_line    0x00000000000039e6       0x88 ./Core/Startup/startup_stm32f401retx.o
 .debug_line    0x0000000000003a6e      0xb52 ./Drivers/STM32F4xx_HAL_Driver/Src/stm32f4xx_hal.o
 .debug_line    0x00000000000045c0      0xe01 ./Drivers/STM32F4xx_HAL_Driver/Src/stm32f4xx_hal_cortex.o
 .debug_line    0x00000000000053c1      0xbe4 ./Drivers/STM32F4xx_HAL_Driver/Src/stm32f4xx_hal_flash.o
 .debug_line    0x0000000000005fa5      0xcf6 ./Drivers/STM32F4xx_HAL_Driver/Src/stm32f4xx_hal_flash_ex.o
 .debug_line    0x0000000000006c9b      0xc8c ./Drivers/STM32F4xx_HAL_Driver/Src/stm32f4xx_hal_gpio.o
 .debug_line    0x0000000000007927      0xece ./Drivers/STM32F4xx_HAL_Driver/Src/stm32f4xx_hal_rcc.o
 .debug_line    0x00000000000087f5     0x2bd9 ./Drivers/STM32F4xx_HAL_Driver/Src/stm32f4xx_hal_uart.o

.debug_str      0x0000000000000000    0x85442
 .debug_str     0x0000000000000000    0x7ff51 ./Core/Src/KEYPAD.o
                                      0x801e1 (size before relaxing)
 .debug_str     0x000000000007ff51     0x14ef ./Core/Src/main.o
                                      0x81645 (size before relaxing)
 .debug_str     0x0000000000081440       0x56 ./Core/Src/stm32f4xx_hal_msp.o
                                      0x8072a (size before relaxing)
 .debug_str     0x0000000000081496       0xbd ./Core/Src/stm32f4xx_it.o
                                      0x801df (size before relaxing)
 .debug_str     0x0000000000081553     0x221e ./Core/Src/sysmem.o
                                       0x62bd (size before relaxing)
 .debug_str     0x0000000000083771       0xaf ./Core/Src/system_stm32f4xx.o
                                      0x801d7 (size before relaxing)
 .debug_str     0x0000000000083820       0x36 ./Core/Startup/startup_stm32f401retx.o
                                         0x8e (size before relaxing)
 .debug_str     0x0000000000083856      0x90f ./Drivers/STM32F4xx_HAL_Driver/Src/stm32f4xx_hal.o
                                      0x80b57 (size before relaxing)
 .debug_str     0x0000000000084165      0x399 ./Drivers/STM32F4xx_HAL_Driver/Src/stm32f4xx_hal_cortex.o
                                      0x80934 (size before relaxing)
 .debug_str     0x00000000000844fe      0x2a9 ./Drivers/STM32F4xx_HAL_Driver/Src/stm32f4xx_hal_flash.o
                                      0x803b0 (size before relaxing)
 .debug_str     0x00000000000847a7      0x2d9 ./Drivers/STM32F4xx_HAL_Driver/Src/stm32f4xx_hal_flash_ex.o
                                      0x804e9 (size before relaxing)
 .debug_str     0x0000000000084a80      0x15f ./Drivers/STM32F4xx_HAL_Driver/Src/stm32f4xx_hal_gpio.o
                                      0x8037e (size before relaxing)
 .debug_str     0x0000000000084bdf      0x24e ./Drivers/STM32F4xx_HAL_Driver/Src/stm32f4xx_hal_rcc.o
                                      0x805d9 (size before relaxing)
 .debug_str     0x0000000000084e2d      0x615 ./Drivers/STM32F4xx_HAL_Driver/Src/stm32f4xx_hal_uart.o
                                      0x80b4d (size before relaxing)

.comment        0x0000000000000000       0x53
 .comment       0x0000000000000000       0x53 ./Core/Src/KEYPAD.o
                                         0x54 (size before relaxing)
 .comment       0x0000000000000053       0x54 ./Core/Src/main.o
 .comment       0x0000000000000053       0x54 ./Core/Src/stm32f4xx_hal_msp.o
 .comment       0x0000000000000053       0x54 ./Core/Src/stm32f4xx_it.o
 .comment       0x0000000000000053       0x54 ./Core/Src/sysmem.o
 .comment       0x0000000000000053       0x54 ./Core/Src/system_stm32f4xx.o
 .comment       0x0000000000000053       0x54 ./Drivers/STM32F4xx_HAL_Driver/Src/stm32f4xx_hal.o
 .comment       0x0000000000000053       0x54 ./Drivers/STM32F4xx_HAL_Driver/Src/stm32f4xx_hal_cortex.o
 .comment       0x0000000000000053       0x54 ./Drivers/STM32F4xx_HAL_Driver/Src/stm32f4xx_hal_flash.o
 .comment       0x0000000000000053       0x54 ./Drivers/STM32F4xx_HAL_Driver/Src/stm32f4xx_hal_flash_ex.o
 .comment       0x0000000000000053       0x54 ./Drivers/STM32F4xx_HAL_Driver/Src/stm32f4xx_hal_gpio.o
 .comment       0x0000000000000053       0x54 ./Drivers/STM32F4xx_HAL_Driver/Src/stm32f4xx_hal_rcc.o
 .comment       0x0000000000000053       0x54 ./Drivers/STM32F4xx_HAL_Driver/Src/stm32f4xx_hal_uart.o

.debug_frame    0x0000000000000000     0x240c
 .debug_frame   0x0000000000000000       0xa4 ./Core/Src/KEYPAD.o
 .debug_frame   0x00000000000000a4      0x29c ./Core/Src/main.o
 .debug_frame   0x0000000000000340       0x7c ./Core/Src/stm32f4xx_hal_msp.o
 .debug_frame   0x00000000000003bc      0x104 ./Core/Src/stm32f4xx_it.o
 .debug_frame   0x00000000000004c0       0x34 ./Core/Src/sysmem.o
 .debug_frame   0x00000000000004f4       0x58 ./Core/Src/system_stm32f4xx.o
 .debug_frame   0x000000000000054c      0x374 ./Drivers/STM32F4xx_HAL_Driver/Src/stm32f4xx_hal.o
 .debug_frame   0x00000000000008c0      0x498 ./Drivers/STM32F4xx_HAL_Driver/Src/stm32f4xx_hal_cortex.o
 .debug_frame   0x0000000000000d58      0x274 ./Drivers/STM32F4xx_HAL_Driver/Src/stm32f4xx_hal_flash.o
 .debug_frame   0x0000000000000fcc      0x334 ./Drivers/STM32F4xx_HAL_Driver/Src/stm32f4xx_hal_flash_ex.o
 .debug_frame   0x0000000000001300      0x14c ./Drivers/STM32F4xx_HAL_Driver/Src/stm32f4xx_hal_gpio.o
 .debug_frame   0x000000000000144c      0x1f0 ./Drivers/STM32F4xx_HAL_Driver/Src/stm32f4xx_hal_rcc.o
 .debug_frame   0x000000000000163c      0x92c ./Drivers/STM32F4xx_HAL_Driver/Src/stm32f4xx_hal_uart.o
 .debug_frame   0x0000000000001f68       0x20 d:/embeded/stm 32/stm32_cubeide/stm32cubeide_1.7.0/stm32cubeide/plugins/com.st.stm32cube.ide.mcu.externaltools.gnu-tools-for-stm32.9-2020-q2-update.win32_2.0.0.202105311346/tools/bin/../lib/gcc/arm-none-eabi/9.3.1/../../../../arm-none-eabi/lib/thumb/v7e-m+fp/hard\libc_nano.a(lib_a-errno.o)
 .debug_frame   0x0000000000001f88       0x2c d:/embeded/stm 32/stm32_cubeide/stm32cubeide_1.7.0/stm32cubeide/plugins/com.st.stm32cube.ide.mcu.externaltools.gnu-tools-for-stm32.9-2020-q2-update.win32_2.0.0.202105311346/tools/bin/../lib/gcc/arm-none-eabi/9.3.1/../../../../arm-none-eabi/lib/thumb/v7e-m+fp/hard\libc_nano.a(lib_a-init.o)
 .debug_frame   0x0000000000001fb4       0x20 d:/embeded/stm 32/stm32_cubeide/stm32cubeide_1.7.0/stm32cubeide/plugins/com.st.stm32cube.ide.mcu.externaltools.gnu-tools-for-stm32.9-2020-q2-update.win32_2.0.0.202105311346/tools/bin/../lib/gcc/arm-none-eabi/9.3.1/../../../../arm-none-eabi/lib/thumb/v7e-m+fp/hard\libc_nano.a(lib_a-memset.o)
 .debug_frame   0x0000000000001fd4       0x6c d:/embeded/stm 32/stm32_cubeide/stm32cubeide_1.7.0/stm32cubeide/plugins/com.st.stm32cube.ide.mcu.externaltools.gnu-tools-for-stm32.9-2020-q2-update.win32_2.0.0.202105311346/tools/bin/../lib/gcc/arm-none-eabi/9.3.1/../../../../arm-none-eabi/lib/thumb/v7e-m+fp/hard\libc_nano.a(lib_a-sprintf.o)
 .debug_frame   0x0000000000002040       0x90 d:/embeded/stm 32/stm32_cubeide/stm32cubeide_1.7.0/stm32cubeide/plugins/com.st.stm32cube.ide.mcu.externaltools.gnu-tools-for-stm32.9-2020-q2-update.win32_2.0.0.202105311346/tools/bin/../lib/gcc/arm-none-eabi/9.3.1/../../../../arm-none-eabi/lib/thumb/v7e-m+fp/hard\libc_nano.a(lib_a-nano-svfprintf.o)
 .debug_frame   0x00000000000020d0       0x60 d:/embeded/stm 32/stm32_cubeide/stm32cubeide_1.7.0/stm32cubeide/plugins/com.st.stm32cube.ide.mcu.externaltools.gnu-tools-for-stm32.9-2020-q2-update.win32_2.0.0.202105311346/tools/bin/../lib/gcc/arm-none-eabi/9.3.1/../../../../arm-none-eabi/lib/thumb/v7e-m+fp/hard\libc_nano.a(lib_a-nano-vfprintf_i.o)
 .debug_frame   0x0000000000002130       0x28 d:/embeded/stm 32/stm32_cubeide/stm32cubeide_1.7.0/stm32cubeide/plugins/com.st.stm32cube.ide.mcu.externaltools.gnu-tools-for-stm32.9-2020-q2-update.win32_2.0.0.202105311346/tools/bin/../lib/gcc/arm-none-eabi/9.3.1/../../../../arm-none-eabi/lib/thumb/v7e-m+fp/hard\libc_nano.a(lib_a-memcpy-stub.o)
 .debug_frame   0x0000000000002158       0x28 d:/embeded/stm 32/stm32_cubeide/stm32cubeide_1.7.0/stm32cubeide/plugins/com.st.stm32cube.ide.mcu.externaltools.gnu-tools-for-stm32.9-2020-q2-update.win32_2.0.0.202105311346/tools/bin/../lib/gcc/arm-none-eabi/9.3.1/../../../../arm-none-eabi/lib/thumb/v7e-m+fp/hard\libc_nano.a(lib_a-memmove.o)
 .debug_frame   0x0000000000002180       0x38 d:/embeded/stm 32/stm32_cubeide/stm32cubeide_1.7.0/stm32cubeide/plugins/com.st.stm32cube.ide.mcu.externaltools.gnu-tools-for-stm32.9-2020-q2-update.win32_2.0.0.202105311346/tools/bin/../lib/gcc/arm-none-eabi/9.3.1/../../../../arm-none-eabi/lib/thumb/v7e-m+fp/hard\libc_nano.a(lib_a-nano-freer.o)
 .debug_frame   0x00000000000021b8       0x30 d:/embeded/stm 32/stm32_cubeide/stm32cubeide_1.7.0/stm32cubeide/plugins/com.st.stm32cube.ide.mcu.externaltools.gnu-tools-for-stm32.9-2020-q2-update.win32_2.0.0.202105311346/tools/bin/../lib/gcc/arm-none-eabi/9.3.1/../../../../arm-none-eabi/lib/thumb/v7e-m+fp/hard\libc_nano.a(lib_a-nano-mallocr.o)
 .debug_frame   0x00000000000021e8       0x3c d:/embeded/stm 32/stm32_cubeide/stm32cubeide_1.7.0/stm32cubeide/plugins/com.st.stm32cube.ide.mcu.externaltools.gnu-tools-for-stm32.9-2020-q2-update.win32_2.0.0.202105311346/tools/bin/../lib/gcc/arm-none-eabi/9.3.1/../../../../arm-none-eabi/lib/thumb/v7e-m+fp/hard\libc_nano.a(lib_a-nano-reallocr.o)
 .debug_frame   0x0000000000002224       0x2c d:/embeded/stm 32/stm32_cubeide/stm32cubeide_1.7.0/stm32cubeide/plugins/com.st.stm32cube.ide.mcu.externaltools.gnu-tools-for-stm32.9-2020-q2-update.win32_2.0.0.202105311346/tools/bin/../lib/gcc/arm-none-eabi/9.3.1/../../../../arm-none-eabi/lib/thumb/v7e-m+fp/hard\libc_nano.a(lib_a-sbrkr.o)
 .debug_frame   0x0000000000002250       0x30 d:/embeded/stm 32/stm32_cubeide/stm32cubeide_1.7.0/stm32cubeide/plugins/com.st.stm32cube.ide.mcu.externaltools.gnu-tools-for-stm32.9-2020-q2-update.win32_2.0.0.202105311346/tools/bin/../lib/gcc/arm-none-eabi/9.3.1/../../../../arm-none-eabi/lib/thumb/v7e-m+fp/hard\libc_nano.a(lib_a-mlock.o)
 .debug_frame   0x0000000000002280       0x20 d:/embeded/stm 32/stm32_cubeide/stm32cubeide_1.7.0/stm32cubeide/plugins/com.st.stm32cube.ide.mcu.externaltools.gnu-tools-for-stm32.9-2020-q2-update.win32_2.0.0.202105311346/tools/bin/../lib/gcc/arm-none-eabi/9.3.1/../../../../arm-none-eabi/lib/thumb/v7e-m+fp/hard\libc_nano.a(lib_a-nano-msizer.o)
 .debug_frame   0x00000000000022a0       0x5c d:/embeded/stm 32/stm32_cubeide/stm32cubeide_1.7.0/stm32cubeide/plugins/com.st.stm32cube.ide.mcu.externaltools.gnu-tools-for-stm32.9-2020-q2-update.win32_2.0.0.202105311346/tools/bin/../lib/gcc/arm-none-eabi/9.3.1/../../../../arm-none-eabi/lib/thumb/v7e-m+fp/hard\libc_nano.a(lib_a-reent.o)
 .debug_frame   0x00000000000022fc       0xb0 d:/embeded/stm 32/stm32_cubeide/stm32cubeide_1.7.0/stm32cubeide/plugins/com.st.stm32cube.ide.mcu.externaltools.gnu-tools-for-stm32.9-2020-q2-update.win32_2.0.0.202105311346/tools/bin/../lib/gcc/arm-none-eabi/9.3.1/../../../../arm-none-eabi/lib/thumb/v7e-m+fp/hard\libc_nano.a(lib_a-lock.o)
 .debug_frame   0x00000000000023ac       0x2c d:/embeded/stm 32/stm32_cubeide/stm32cubeide_1.7.0/stm32cubeide/plugins/com.st.stm32cube.ide.mcu.externaltools.gnu-tools-for-stm32.9-2020-q2-update.win32_2.0.0.202105311346/tools/bin/../lib/gcc/arm-none-eabi/9.3.1/thumb/v7e-m+fp/hard\libgcc.a(_aeabi_uldivmod.o)
 .debug_frame   0x00000000000023d8       0x34 d:/embeded/stm 32/stm32_cubeide/stm32cubeide_1.7.0/stm32cubeide/plugins/com.st.stm32cube.ide.mcu.externaltools.gnu-tools-for-stm32.9-2020-q2-update.win32_2.0.0.202105311346/tools/bin/../lib/gcc/arm-none-eabi/9.3.1/thumb/v7e-m+fp/hard\libgcc.a(_udivmoddi4.o)
