main.c:75:6:LCD_Enable	8	static
main.c:83:6:LCD_Send4Bit	16	static
main.c:91:6:LCD_SendCommand	16	static
main.c:99:6:LCD_Clear	8	static
main.c:105:6:LCD_Init	8	static
main.c:121:6:LCD_Gotoxy	24	static
main.c:140:6:LCD_PutChar	16	static
main.c:147:6:LCD_Puts	16	static
main.c:163:10:CheckPassWord	24	static
main.c:171:10:ClearPassWord	16	static
main.c:182:5:converCardNum	24	static
main.c:209:10:GetSector	24	static
main.c:252:10:Flash_Write_Data	48	static
main.c:311:6:Flash_Read_Data	24	static
main.c:328:5:main	176	static
main.c:530:6:SystemClock_Config	88	static
main.c:575:13:MX_USART2_UART_Init	8	static
main.c:608:13:MX_GPIO_Init	48	static
main.c:644:6:Error_Handler	4	static,ignoring_inline_asm
